******************************************************************************
                  TI ARM Linker PC v15.12.3                    
******************************************************************************
>> Linked Wed Oct 26 16:25:56 2016

OUTPUT FILE NAME:   <UART_interrupt.out>
ENTRY POINT SYMBOL: "_c_int00"  address: 00000939


MEMORY CONFIGURATION

         name            origin    length      used     unused   attr    fill
----------------------  --------  ---------  --------  --------  ----  --------
  FLASH                 00000000   00040000  00000e08  0003f1f8  R  X
  SRAM                  20000000   00008000  00000218  00007de8  RW X


SEGMENT ALLOCATION MAP

run origin  load origin   length   init length attrs members
----------  ----------- ---------- ----------- ----- -------
00000000    00000000    00000e08   00000e08    r-x
  00000000    00000000    0000026c   0000026c    r-- .intvecs
  0000026c    0000026c    00000a08   00000a08    r-x .text
  00000c74    00000c74    0000016c   0000016c    r-- .const
  00000de0    00000de0    00000028   00000028    r-- .cinit
20000000    20000000    00000218   00000000    rw-
  20000000    20000000    00000200   00000000    rw- .stack
  20000200    20000200    00000018   00000000    rw- .data


SECTION ALLOCATION MAP

 output                                  attributes/
section   page    origin      length       input sections
--------  ----  ----------  ----------   ----------------
.intvecs   0    00000000    0000026c     
                  00000000    0000026c     tm4c123gh6pm_startup_ccs.obj (.intvecs)

.text      0    0000026c    00000a08     
                  0000026c    00000138     main.obj (.text)
                  000003a4    00000132     driverlib.lib : gpio.obj (.text:GPIOPadConfigSet)
                  000004d6    00000002     rtsv7M4_T_le_v4SPD16_eabi.lib : mpu_init.obj (.text)
                  000004d8    00000110     driverlib.lib : sysctl.obj (.text:SysCtlClockGet)
                  000005e8    000000f4                   : sysctl.obj (.text:SysCtlClockSet)
                  000006dc    0000009c     rtsv7M4_T_le_v4SPD16_eabi.lib : memcpy_t2.obj (.text)
                  00000778    0000007a                                   : memset_t2.obj (.text)
                  000007f2    00000002                                   : startup.obj (.text)
                  000007f4    00000070                                   : autoinit.obj (.text)
                  00000864    0000006a                                   : copy_decompress_rle.obj (.text)
                  000008ce    00000002     --HOLE-- [fill = 0]
                  000008d0    00000068     driverlib.lib : interrupt.obj (.text:IntEnable)
                  00000938    00000054     rtsv7M4_T_le_v4SPD16_eabi.lib : boot.obj (.text)
                  0000098c    00000054                                   : exit.obj (.text)
                  000009e0    0000004c                                   : cpy_tbl.obj (.text)
                  00000a2c    00000048     driverlib.lib : gpio.obj (.text:GPIOPinConfigure)
                  00000a74    00000046                   : uart.obj (.text:UARTConfigSetExpClk)
                  00000aba    00000002     --HOLE-- [fill = 0]
                  00000abc    00000038                   : sysctl.obj (.text:SysCtlPeripheralReady)
                  00000af4    00000034                   : sysctl.obj (.text:SysCtlPeripheralEnable)
                  00000b28    0000002a                   : gpio.obj (.text:GPIODirModeSet)
                  00000b52    00000002     --HOLE-- [fill = 0]
                  00000b54    00000020                   : uart.obj (.text:UARTDisable)
                  00000b74    00000018                   : gpio.obj (.text:GPIOPinTypeGPIOOutput)
                  00000b8c    00000018     rtsv7M4_T_le_v4SPD16_eabi.lib : args_main.obj (.text)
                  00000ba4    00000014     driverlib.lib : uart.obj (.text:UARTEnable)
                  00000bb8    00000014     rtsv7M4_T_le_v4SPD16_eabi.lib : _lock.obj (.text)
                  00000bcc    00000012     driverlib.lib : gpio.obj (.text:GPIOPinTypeUART)
                  00000bde    00000010                   : interrupt.obj (.text:IntMasterEnable)
                  00000bee    0000000e                   : uart.obj (.text:UARTCharGetNonBlocking)
                  00000bfc    0000000e                   : uart.obj (.text:UARTCharPutNonBlocking)
                  00000c0a    0000000e                   : uart.obj (.text:UARTCharsAvail)
                  00000c18    0000000e     rtsv7M4_T_le_v4SPD16_eabi.lib : copy_decompress_none.obj (.text:decompress:none)
                  00000c26    0000000c     driverlib.lib : cpu.obj (.text:CPUcpsie)
                  00000c32    0000000c     tm4c123gh6pm_startup_ccs.obj (.text)
                  00000c3e    0000000a     driverlib.lib : uart.obj (.text:UARTCharPut)
                  00000c48    0000000a                   : uart.obj (.text:UARTIntStatus)
                  00000c52    00000008                   : uart.obj (.text:UARTIntEnable)
                  00000c5a    00000006                   : gpio.obj (.text:GPIOPinWrite)
                  00000c60    00000006                   : sysctl.obj (.text:SysCtlDelay)
                  00000c66    00000006     rtsv7M4_T_le_v4SPD16_eabi.lib : copy_decompress_rle.obj (.text:decompress:rle24)
                  00000c6c    00000004     driverlib.lib : uart.obj (.text:UARTIntClear)
                  00000c70    00000004     rtsv7M4_T_le_v4SPD16_eabi.lib : pre_init.obj (.text)

.const     0    00000c74    0000016c     
                  00000c74    00000090     driverlib.lib : gpio.obj (.const:g_pui32GPIOBaseAddrs)
                  00000d04    00000070                   : interrupt.obj (.const)
                  00000d74    0000006c                   : sysctl.obj (.const:g_pui32Xtals)

.cinit     0    00000de0    00000028     
                  00000de0    00000016     (.cinit..data.load) [load image, compression = rle]
                  00000df6    00000002     --HOLE-- [fill = 0]
                  00000df8    00000008     (__TI_handler_table)
                  00000e00    00000008     (__TI_cinit_table)

.init_array 
*          0    00000000    00000000     UNINITIALIZED

.stack     0    20000000    00000200     UNINITIALIZED
                  20000000    00000200     --HOLE--

.data      0    20000200    00000018     UNINITIALIZED
                  20000200    0000000c     rtsv7M4_T_le_v4SPD16_eabi.lib : exit.obj (.data:$O1$$)
                  2000020c    00000008                                   : _lock.obj (.data:$O1$$)
                  20000214    00000004                                   : stkdepth_vars.obj (.data)

MODULE SUMMARY

       Module                         code   ro data   rw data
       ------                         ----   -------   -------
    .\
       tm4c123gh6pm_startup_ccs.obj   12     620       0      
       main.obj                       312    0         0      
    +--+------------------------------+------+---------+---------+
       Total:                         324    620       0      
                                                              
    C:/ti/TivaWare_C_Series-2.1.3.156/driverlib/ccs/Debug/driverlib.lib
       sysctl.obj                     630    108       0      
       gpio.obj                       468    144       0      
       interrupt.obj                  120    112       0      
       uart.obj                       196    0         0      
       cpu.obj                        12     0         0      
    +--+------------------------------+------+---------+---------+
       Total:                         1426   364       0      
                                                              
    C:\ti\ccsv6\tools\compiler\arm_15.12.3.LTS\lib\rtsv7M4_T_le_v4SPD16_eabi.lib
       memcpy_t2.obj                  156    0         0      
       memset_t2.obj                  122    0         0      
       autoinit.obj                   112    0         0      
       copy_decompress_rle.obj        112    0         0      
       exit.obj                       84     0         12     
       boot.obj                       84     0         0      
       cpy_tbl.obj                    76     0         0      
       _lock.obj                      20     0         8      
       args_main.obj                  24     0         0      
       copy_decompress_none.obj       14     0         0      
       pre_init.obj                   4      0         0      
       stkdepth_vars.obj              0      0         4      
       mpu_init.obj                   2      0         0      
       startup.obj                    2      0         0      
    +--+------------------------------+------+---------+---------+
       Total:                         812    0         24     
                                                              
       Stack:                         0      0         512    
       Linker Generated:              0      38        0      
    +--+------------------------------+------+---------+---------+
       Grand Total:                   2562   1022      536    


LINKER GENERATED COPY TABLES

__TI_cinit_table @ 00000e00 records: 1, size/record: 8, table size: 8
	.data: load addr=00000de0, load size=00000016 bytes, run addr=20000200, run size=00000018 bytes, compression=rle


LINKER GENERATED HANDLER TABLE

__TI_handler_table @ 00000df8 records: 2, size/record: 4, table size: 8
	index: 0, handler: __TI_decompress_rle24
	index: 1, handler: __TI_decompress_none


GLOBAL SYMBOLS: SORTED ALPHABETICALLY BY Name 

address   name                           
-------   ----                           
0000098d  C$$EXIT                        
00000c27  CPUcpsie                       
00000b29  GPIODirModeSet                 
000003a5  GPIOPadConfigSet               
00000a2d  GPIOPinConfigure               
00000b75  GPIOPinTypeGPIOOutput          
00000bcd  GPIOPinTypeUART                
00000c5b  GPIOPinWrite                   
000008d1  IntEnable                      
00000bdf  IntMasterEnable                
00000c33  ResetISR                       
UNDEFED   SHT$$INIT_ARRAY$$Base          
UNDEFED   SHT$$INIT_ARRAY$$Limit         
000004d9  SysCtlClockGet                 
000005e9  SysCtlClockSet                 
00000c61  SysCtlDelay                    
00000af5  SysCtlPeripheralEnable         
00000abd  SysCtlPeripheralReady          
00000bef  UARTCharGetNonBlocking         
00000c3f  UARTCharPut                    
00000bfd  UARTCharPutNonBlocking         
00000c0b  UARTCharsAvail                 
00000a75  UARTConfigSetExpClk            
00000b55  UARTDisable                    
00000ba5  UARTEnable                     
00000c6d  UARTIntClear                   
00000c53  UARTIntEnable                  
0000026d  UARTIntHandler                 
00000c49  UARTIntStatus                  
20000200  __STACK_END                    
00000200  __STACK_SIZE                   
20000200  __STACK_TOP                    
00000e00  __TI_CINIT_Base                
00000e08  __TI_CINIT_Limit               
00000df8  __TI_Handler_Table_Base        
00000e00  __TI_Handler_Table_Limit       
000007f5  __TI_auto_init                 
20000200  __TI_cleanup_ptr               
00000c19  __TI_decompress_none           
00000c67  __TI_decompress_rle24          
20000204  __TI_dtors_ptr                 
20000208  __TI_enable_exit_profile_output
ffffffff  __TI_pprof_out_hndl            
ffffffff  __TI_prof_data_size            
ffffffff  __TI_prof_data_start           
00000000  __TI_static_base__             
00000779  __aeabi_memclr                 
00000779  __aeabi_memclr4                
00000779  __aeabi_memclr8                
000006dd  __aeabi_memcpy                 
000006dd  __aeabi_memcpy4                
000006dd  __aeabi_memcpy8                
0000077b  __aeabi_memset                 
0000077b  __aeabi_memset4                
0000077b  __aeabi_memset8                
ffffffff  __binit__                      
ffffffff  __c_args__                     
000004d7  __mpu_init                     
20000000  __stack                        
00000b8d  _args_main                     
00000939  _c_int00                       
2000020c  _lock                          
00000bc7  _nop                           
00000bbf  _register_lock                 
00000bb9  _register_unlock               
000007f3  _system_post_cinit             
00000c71  _system_pre_init               
20000210  _unlock                        
00000991  abort                          
ffffffff  binit                          
000009e1  copy_in                        
00000999  exit                           
00000000  g_pfnVectors                   
000002c1  main                           
20000214  main_func_sp                   
000006dd  memcpy                         
00000781  memset                         


GLOBAL SYMBOLS: SORTED BY Symbol Address 

address   name                           
-------   ----                           
00000000  __TI_static_base__             
00000000  g_pfnVectors                   
00000200  __STACK_SIZE                   
0000026d  UARTIntHandler                 
000002c1  main                           
000003a5  GPIOPadConfigSet               
000004d7  __mpu_init                     
000004d9  SysCtlClockGet                 
000005e9  SysCtlClockSet                 
000006dd  __aeabi_memcpy                 
000006dd  __aeabi_memcpy4                
000006dd  __aeabi_memcpy8                
000006dd  memcpy                         
00000779  __aeabi_memclr                 
00000779  __aeabi_memclr4                
00000779  __aeabi_memclr8                
0000077b  __aeabi_memset                 
0000077b  __aeabi_memset4                
0000077b  __aeabi_memset8                
00000781  memset                         
000007f3  _system_post_cinit             
000007f5  __TI_auto_init                 
000008d1  IntEnable                      
00000939  _c_int00                       
0000098d  C$$EXIT                        
00000991  abort                          
00000999  exit                           
000009e1  copy_in                        
00000a2d  GPIOPinConfigure               
00000a75  UARTConfigSetExpClk            
00000abd  SysCtlPeripheralReady          
00000af5  SysCtlPeripheralEnable         
00000b29  GPIODirModeSet                 
00000b55  UARTDisable                    
00000b75  GPIOPinTypeGPIOOutput          
00000b8d  _args_main                     
00000ba5  UARTEnable                     
00000bb9  _register_unlock               
00000bbf  _register_lock                 
00000bc7  _nop                           
00000bcd  GPIOPinTypeUART                
00000bdf  IntMasterEnable                
00000bef  UARTCharGetNonBlocking         
00000bfd  UARTCharPutNonBlocking         
00000c0b  UARTCharsAvail                 
00000c19  __TI_decompress_none           
00000c27  CPUcpsie                       
00000c33  ResetISR                       
00000c3f  UARTCharPut                    
00000c49  UARTIntStatus                  
00000c53  UARTIntEnable                  
00000c5b  GPIOPinWrite                   
00000c61  SysCtlDelay                    
00000c67  __TI_decompress_rle24          
00000c6d  UARTIntClear                   
00000c71  _system_pre_init               
00000df8  __TI_Handler_Table_Base        
00000e00  __TI_CINIT_Base                
00000e00  __TI_Handler_Table_Limit       
00000e08  __TI_CINIT_Limit               
20000000  __stack                        
20000200  __STACK_END                    
20000200  __STACK_TOP                    
20000200  __TI_cleanup_ptr               
20000204  __TI_dtors_ptr                 
20000208  __TI_enable_exit_profile_output
2000020c  _lock                          
20000210  _unlock                        
20000214  main_func_sp                   
ffffffff  __TI_pprof_out_hndl            
ffffffff  __TI_prof_data_size            
ffffffff  __TI_prof_data_start           
ffffffff  __binit__                      
ffffffff  __c_args__                     
ffffffff  binit                          
UNDEFED   SHT$$INIT_ARRAY$$Base          
UNDEFED   SHT$$INIT_ARRAY$$Limit         

[77 symbols]
