******************************************************************************
                  TI ARM Linker PC v15.12.1                    
******************************************************************************
>> Linked Wed Sep 21 16:03:35 2016

OUTPUT FILE NAME:   <LedBlink_noTimer.out>
ENTRY POINT SYMBOL: "_c_int00"  address: 000007a1


MEMORY CONFIGURATION

         name            origin    length      used     unused   attr    fill
----------------------  --------  ---------  --------  --------  ----  --------
  FLASH                 00000000   00100000  00000c84  000ff37c  R  X
  SRAM                  20000000   00040000  00000218  0003fde8  RW X


SEGMENT ALLOCATION MAP

run origin  load origin   length   init length attrs members
----------  ----------- ---------- ----------- ----- -------
00000000    00000000    00000c88   00000c88    r-x
  00000000    00000000    00000208   00000208    r-- .intvecs
  00000208    00000208    00000800   00000800    r-x .text
  00000a08    00000a08    00000254   00000254    r-- .const
  00000c60    00000c60    00000028   00000028    r-- .cinit
20000000    20000000    00000218   00000000    rw-
  20000000    20000000    00000200   00000000    rw- .stack
  20000200    20000200    00000018   00000000    rw- .data


SECTION ALLOCATION MAP

 output                                  attributes/
section   page    origin      length       input sections
--------  ----  ----------  ----------   ----------------
.intvecs   0    00000000    00000208     
                  00000000    00000208     tm4c1290ncpdt_startup_ccs.obj (.intvecs)

.text      0    00000208    00000800     
                  00000208    000001ec     driverlib.lib : sysctl.obj (.text:SysCtlClockFreqSet)
                  000003f4    00000132                   : gpio.obj (.text:GPIOPadConfigSet)
                  00000526    0000009c     rtsv7M4_T_le_v4SPD16_eabi.lib : memcpy_t2.obj (.text)
                  000005c2    00000002                                   : mpu_init.obj (.text)
                  000005c4    00000084     main.obj (.text)
                  00000648    0000007a     rtsv7M4_T_le_v4SPD16_eabi.lib : memset_t2.obj (.text)
                  000006c2    00000002                                   : startup.obj (.text)
                  000006c4    00000070                                   : autoinit.obj (.text)
                  00000734    0000006a                                   : copy_decompress_rle.obj (.text)
                  0000079e    00000002     --HOLE-- [fill = 0]
                  000007a0    00000054                                   : boot.obj (.text)
                  000007f4    00000054                                   : exit.obj (.text)
                  00000848    0000004c                                   : cpy_tbl.obj (.text)
                  00000894    00000048     driverlib.lib : sysctl.obj (.text:_SysCtlFrequencyGet)
                  000008dc    00000038                   : sysctl.obj (.text:SysCtlPeripheralReady)
                  00000914    00000034                   : sysctl.obj (.text:SysCtlPeripheralEnable)
                  00000948    0000002a                   : gpio.obj (.text:GPIODirModeSet)
                  00000972    00000002     --HOLE-- [fill = 0]
                  00000974    00000020                   : sysctl.obj (.text:_SysCtlMemTimingGet)
                  00000994    00000018                   : gpio.obj (.text:GPIOPinTypeGPIOOutput)
                  000009ac    00000018     rtsv7M4_T_le_v4SPD16_eabi.lib : args_main.obj (.text)
                  000009c4    00000014                                   : _lock.obj (.text)
                  000009d8    0000000e                                   : copy_decompress_none.obj (.text:decompress:none)
                  000009e6    0000000c     tm4c1290ncpdt_startup_ccs.obj (.text)
                  000009f2    00000006     driverlib.lib : gpio.obj (.text:GPIOPinWrite)
                  000009f8    00000006                   : sysctl.obj (.text:SysCtlDelay)
                  000009fe    00000006     rtsv7M4_T_le_v4SPD16_eabi.lib : copy_decompress_rle.obj (.text:decompress:rle24)
                  00000a04    00000004                                   : pre_init.obj (.text)

.const     0    00000a08    00000254     
                  00000a08    000001b0     driverlib.lib : sysctl.obj (.const:g_pppui32XTALtoVCO)
                  00000bb8    0000006c                   : sysctl.obj (.const:g_pui32Xtals)
                  00000c24    00000030                   : sysctl.obj (.const:g_sXTALtoMEMTIM)
                  00000c54    00000008                   : sysctl.obj (.const)

.cinit     0    00000c60    00000028     
                  00000c60    00000016     (.cinit..data.load) [load image, compression = rle]
                  00000c76    00000002     --HOLE-- [fill = 0]
                  00000c78    00000008     (__TI_handler_table)
                  00000c80    00000008     (__TI_cinit_table)

.init_array 
*          0    00000000    00000000     UNINITIALIZED

.stack     0    20000000    00000200     UNINITIALIZED
                  20000000    00000200     --HOLE--

.data      0    20000200    00000018     UNINITIALIZED
                  20000200    0000000c     rtsv7M4_T_le_v4SPD16_eabi.lib : exit.obj (.data:$O1$$)
                  2000020c    00000008                                   : _lock.obj (.data:$O1$$)
                  20000214    00000004                                   : stkdepth_vars.obj (.data)

MODULE SUMMARY

       Module                          code   ro data   rw data
       ------                          ----   -------   -------
    .\
       tm4c1290ncpdt_startup_ccs.obj   12     520       0      
       main.obj                        132    0         0      
    +--+-------------------------------+------+---------+---------+
       Total:                          144    520       0      
                                                               
    C:/ti/TivaWare_C_Series-2.1.3.156/driverlib/ccs/Debug/driverlib.lib
       sysctl.obj                      710    596       0      
       gpio.obj                        378    0         0      
    +--+-------------------------------+------+---------+---------+
       Total:                          1088   596       0      
                                                               
    C:\ti\ccsv6\tools\compiler\ti-cgt-arm_15.12.1.LTS\lib\rtsv7M4_T_le_v4SPD16_eabi.lib
       memcpy_t2.obj                   156    0         0      
       memset_t2.obj                   122    0         0      
       autoinit.obj                    112    0         0      
       copy_decompress_rle.obj         112    0         0      
       exit.obj                        84     0         12     
       boot.obj                        84     0         0      
       cpy_tbl.obj                     76     0         0      
       _lock.obj                       20     0         8      
       args_main.obj                   24     0         0      
       copy_decompress_none.obj        14     0         0      
       pre_init.obj                    4      0         0      
       stkdepth_vars.obj               0      0         4      
       mpu_init.obj                    2      0         0      
       startup.obj                     2      0         0      
    +--+-------------------------------+------+---------+---------+
       Total:                          812    0         24     
                                                               
       Stack:                          0      0         512    
       Linker Generated:               0      38        0      
    +--+-------------------------------+------+---------+---------+
       Grand Total:                    2044   1154      536    


LINKER GENERATED COPY TABLES

__TI_cinit_table @ 00000c80 records: 1, size/record: 8, table size: 8
	.data: load addr=00000c60, load size=00000016 bytes, run addr=20000200, run size=00000018 bytes, compression=rle


LINKER GENERATED HANDLER TABLE

__TI_handler_table @ 00000c78 records: 2, size/record: 4, table size: 8
	index: 0, handler: __TI_decompress_rle24
	index: 1, handler: __TI_decompress_none


GLOBAL SYMBOLS: SORTED ALPHABETICALLY BY Name 

address   name                           
-------   ----                           
000007f5  C$$EXIT                        
00000949  GPIODirModeSet                 
000003f5  GPIOPadConfigSet               
00000995  GPIOPinTypeGPIOOutput          
000009f3  GPIOPinWrite                   
000009e7  ResetISR                       
UNDEFED   SHT$$INIT_ARRAY$$Base          
UNDEFED   SHT$$INIT_ARRAY$$Limit         
00000209  SysCtlClockFreqSet             
000009f9  SysCtlDelay                    
00000915  SysCtlPeripheralEnable         
000008dd  SysCtlPeripheralReady          
20000200  __STACK_END                    
00000200  __STACK_SIZE                   
20000200  __STACK_TOP                    
00000c80  __TI_CINIT_Base                
00000c88  __TI_CINIT_Limit               
00000c78  __TI_Handler_Table_Base        
00000c80  __TI_Handler_Table_Limit       
000006c5  __TI_auto_init                 
20000200  __TI_cleanup_ptr               
000009d9  __TI_decompress_none           
000009ff  __TI_decompress_rle24          
20000204  __TI_dtors_ptr                 
20000208  __TI_enable_exit_profile_output
ffffffff  __TI_pprof_out_hndl            
ffffffff  __TI_prof_data_size            
ffffffff  __TI_prof_data_start           
00000000  __TI_static_base__             
00000649  __aeabi_memclr                 
00000649  __aeabi_memclr4                
00000649  __aeabi_memclr8                
00000527  __aeabi_memcpy                 
00000527  __aeabi_memcpy4                
00000527  __aeabi_memcpy8                
0000064b  __aeabi_memset                 
0000064b  __aeabi_memset4                
0000064b  __aeabi_memset8                
ffffffff  __binit__                      
ffffffff  __c_args__                     
000005c3  __mpu_init                     
20000000  __stack                        
000009ad  _args_main                     
000007a1  _c_int00                       
2000020c  _lock                          
000009d3  _nop                           
000009cb  _register_lock                 
000009c5  _register_unlock               
000006c3  _system_post_cinit             
00000a05  _system_pre_init               
20000210  _unlock                        
000007f9  abort                          
ffffffff  binit                          
00000849  copy_in                        
00000801  exit                           
00000000  g_pfnVectors                   
000005c5  main                           
20000214  main_func_sp                   
00000527  memcpy                         
00000651  memset                         


GLOBAL SYMBOLS: SORTED BY Symbol Address 

address   name                           
-------   ----                           
00000000  __TI_static_base__             
00000000  g_pfnVectors                   
00000200  __STACK_SIZE                   
00000209  SysCtlClockFreqSet             
000003f5  GPIOPadConfigSet               
00000527  __aeabi_memcpy                 
00000527  __aeabi_memcpy4                
00000527  __aeabi_memcpy8                
00000527  memcpy                         
000005c3  __mpu_init                     
000005c5  main                           
00000649  __aeabi_memclr                 
00000649  __aeabi_memclr4                
00000649  __aeabi_memclr8                
0000064b  __aeabi_memset                 
0000064b  __aeabi_memset4                
0000064b  __aeabi_memset8                
00000651  memset                         
000006c3  _system_post_cinit             
000006c5  __TI_auto_init                 
000007a1  _c_int00                       
000007f5  C$$EXIT                        
000007f9  abort                          
00000801  exit                           
00000849  copy_in                        
000008dd  SysCtlPeripheralReady          
00000915  SysCtlPeripheralEnable         
00000949  GPIODirModeSet                 
00000995  GPIOPinTypeGPIOOutput          
000009ad  _args_main                     
000009c5  _register_unlock               
000009cb  _register_lock                 
000009d3  _nop                           
000009d9  __TI_decompress_none           
000009e7  ResetISR                       
000009f3  GPIOPinWrite                   
000009f9  SysCtlDelay                    
000009ff  __TI_decompress_rle24          
00000a05  _system_pre_init               
00000c78  __TI_Handler_Table_Base        
00000c80  __TI_CINIT_Base                
00000c80  __TI_Handler_Table_Limit       
00000c88  __TI_CINIT_Limit               
20000000  __stack                        
20000200  __STACK_END                    
20000200  __STACK_TOP                    
20000200  __TI_cleanup_ptr               
20000204  __TI_dtors_ptr                 
20000208  __TI_enable_exit_profile_output
2000020c  _lock                          
20000210  _unlock                        
20000214  main_func_sp                   
ffffffff  __TI_pprof_out_hndl            
ffffffff  __TI_prof_data_size            
ffffffff  __TI_prof_data_start           
ffffffff  __binit__                      
ffffffff  __c_args__                     
ffffffff  binit                          
UNDEFED   SHT$$INIT_ARRAY$$Base          
UNDEFED   SHT$$INIT_ARRAY$$Limit         

[60 symbols]
