******************************************************************************
                  TI ARM Linker PC v15.12.1                    
******************************************************************************
>> Linked Wed Oct 19 16:26:09 2016

OUTPUT FILE NAME:   <SimplePWM.out>
ENTRY POINT SYMBOL: "_c_int00"  address: 000008dd


MEMORY CONFIGURATION

         name            origin    length      used     unused   attr    fill
----------------------  --------  ---------  --------  --------  ----  --------
  FLASH                 00000000   00040000  00000c86  0003f37a  R  X
  SRAM                  20000000   00008000  00000218  00007de8  RW X


SEGMENT ALLOCATION MAP

run origin  load origin   length   init length attrs members
----------  ----------- ---------- ----------- ----- -------
00000000    00000000    00000c88   00000c88    r-x
  00000000    00000000    0000026c   0000026c    r-- .intvecs
  0000026c    0000026c    000008f6   000008f6    r-x .text
  00000b64    00000b64    000000fc   000000fc    r-- .const
  00000c60    00000c60    00000028   00000028    r-- .cinit
20000000    20000000    00000218   00000000    rw-
  20000000    20000000    00000200   00000000    rw- .stack
  20000200    20000200    00000018   00000000    rw- .data


SECTION ALLOCATION MAP

 output                                  attributes/
section   page    origin      length       input sections
--------  ----  ----------  ----------   ----------------
.intvecs   0    00000000    0000026c     
                  00000000    0000026c     tm4c123gh6pm_startup_ccs.obj (.intvecs)

.text      0    0000026c    000008f6     
                  0000026c    00000144     main.obj (.text)
                  000003b0    00000132     driverlib.lib : gpio.obj (.text:GPIOPadConfigSet)
                  000004e2    00000002     rtsv7M4_T_le_v4SPD16_eabi.lib : mpu_init.obj (.text)
                  000004e4    00000110     driverlib.lib : sysctl.obj (.text:SysCtlClockGet)
                  000005f4    000000f4                   : sysctl.obj (.text:SysCtlClockSet)
                  000006e8    0000009c     rtsv7M4_T_le_v4SPD16_eabi.lib : memcpy_t2.obj (.text)
                  00000784    0000007a                                   : memset_t2.obj (.text)
                  000007fe    00000002                                   : startup.obj (.text)
                  00000800    00000070                                   : autoinit.obj (.text)
                  00000870    0000006a                                   : copy_decompress_rle.obj (.text)
                  000008da    00000002     --HOLE-- [fill = 0]
                  000008dc    00000054                                   : boot.obj (.text)
                  00000930    00000054                                   : exit.obj (.text)
                  00000984    0000004c                                   : cpy_tbl.obj (.text)
                  000009d0    00000048     driverlib.lib : gpio.obj (.text:GPIOPinConfigure)
                  00000a18    00000034                   : sysctl.obj (.text:SysCtlPeripheralEnable)
                  00000a4c    0000002a                   : gpio.obj (.text:GPIODirModeSet)
                  00000a76    00000022                   : pwm.obj (.text:PWMGenConfigure)
                  00000a98    0000001e                   : pwm.obj (.text:PWMPulseWidthSet)
                  00000ab6    00000002     --HOLE-- [fill = 0]
                  00000ab8    00000018     rtsv7M4_T_le_v4SPD16_eabi.lib : args_main.obj (.text)
                  00000ad0    00000014     driverlib.lib : sysctl.obj (.text:SysCtlPWMClockSet)
                  00000ae4    00000014     rtsv7M4_T_le_v4SPD16_eabi.lib : _lock.obj (.text)
                  00000af8    00000012     driverlib.lib : gpio.obj (.text:GPIOPinTypePWM)
                  00000b0a    00000012                   : pwm.obj (.text:PWMOutputState)
                  00000b1c    00000010                   : pwm.obj (.text:PWMGenPeriodSet)
                  00000b2c    0000000e     rtsv7M4_T_le_v4SPD16_eabi.lib : copy_decompress_none.obj (.text:decompress:none)
                  00000b3a    0000000c     driverlib.lib : pwm.obj (.text:PWMGenEnable)
                  00000b46    0000000c     tm4c123gh6pm_startup_ccs.obj (.text)
                  00000b52    00000006     driverlib.lib : sysctl.obj (.text:SysCtlDelay)
                  00000b58    00000006     rtsv7M4_T_le_v4SPD16_eabi.lib : copy_decompress_rle.obj (.text:decompress:rle24)
                  00000b5e    00000004                                   : pre_init.obj (.text)

.const     0    00000b64    000000fc     
                  00000b64    00000090     driverlib.lib : gpio.obj (.const:g_pui32GPIOBaseAddrs)
                  00000bf4    0000006c                   : sysctl.obj (.const:g_pui32Xtals)

.cinit     0    00000c60    00000028     
                  00000c60    00000016     (.cinit..data.load) [load image, compression = rle]
                  00000c76    00000002     --HOLE-- [fill = 0]
                  00000c78    00000008     (__TI_handler_table)
                  00000c80    00000008     (__TI_cinit_table)

.init_array 
*          0    00000000    00000000     UNINITIALIZED

.stack     0    20000000    00000200     UNINITIALIZED
                  20000000    00000200     --HOLE--

.data      0    20000200    00000018     UNINITIALIZED
                  20000200    0000000c     rtsv7M4_T_le_v4SPD16_eabi.lib : exit.obj (.data:$O1$$)
                  2000020c    00000008                                   : _lock.obj (.data:$O1$$)
                  20000214    00000004                                   : stkdepth_vars.obj (.data)

MODULE SUMMARY

       Module                         code   ro data   rw data
       ------                         ----   -------   -------
    .\
       tm4c123gh6pm_startup_ccs.obj   12     620       0      
       main.obj                       324    0         0      
    +--+------------------------------+------+---------+---------+
       Total:                         336    620       0      
                                                              
    C:/ti/TivaWare_C_Series-2.1.3.156/driverlib/ccs/Debug/driverlib.lib
       sysctl.obj                     594    108       0      
       gpio.obj                       438    144       0      
       pwm.obj                        110    0         0      
    +--+------------------------------+------+---------+---------+
       Total:                         1142   252       0      
                                                              
    C:\ti\ccsv6\tools\compiler\ti-cgt-arm_15.12.1.LTS\lib\rtsv7M4_T_le_v4SPD16_eabi.lib
       memcpy_t2.obj                  156    0         0      
       memset_t2.obj                  122    0         0      
       autoinit.obj                   112    0         0      
       copy_decompress_rle.obj        112    0         0      
       exit.obj                       84     0         12     
       boot.obj                       84     0         0      
       cpy_tbl.obj                    76     0         0      
       _lock.obj                      20     0         8      
       args_main.obj                  24     0         0      
       copy_decompress_none.obj       14     0         0      
       pre_init.obj                   4      0         0      
       stkdepth_vars.obj              0      0         4      
       mpu_init.obj                   2      0         0      
       startup.obj                    2      0         0      
    +--+------------------------------+------+---------+---------+
       Total:                         812    0         24     
                                                              
       Stack:                         0      0         512    
       Linker Generated:              0      38        0      
    +--+------------------------------+------+---------+---------+
       Grand Total:                   2290   910       536    


LINKER GENERATED COPY TABLES

__TI_cinit_table @ 00000c80 records: 1, size/record: 8, table size: 8
	.data: load addr=00000c60, load size=00000016 bytes, run addr=20000200, run size=00000018 bytes, compression=rle


LINKER GENERATED HANDLER TABLE

__TI_handler_table @ 00000c78 records: 2, size/record: 4, table size: 8
	index: 0, handler: __TI_decompress_rle24
	index: 1, handler: __TI_decompress_none


GLOBAL SYMBOLS: SORTED ALPHABETICALLY BY Name 

address   name                           
-------   ----                           
00000931  C$$EXIT                        
00000a4d  GPIODirModeSet                 
000003b1  GPIOPadConfigSet               
000009d1  GPIOPinConfigure               
00000af9  GPIOPinTypePWM                 
00000a77  PWMGenConfigure                
00000b3b  PWMGenEnable                   
00000b1d  PWMGenPeriodSet                
00000b0b  PWMOutputState                 
00000a99  PWMPulseWidthSet               
00000b47  ResetISR                       
UNDEFED   SHT$$INIT_ARRAY$$Base          
UNDEFED   SHT$$INIT_ARRAY$$Limit         
000004e5  SysCtlClockGet                 
000005f5  SysCtlClockSet                 
00000b53  SysCtlDelay                    
00000ad1  SysCtlPWMClockSet              
00000a19  SysCtlPeripheralEnable         
20000200  __STACK_END                    
00000200  __STACK_SIZE                   
20000200  __STACK_TOP                    
00000c80  __TI_CINIT_Base                
00000c88  __TI_CINIT_Limit               
00000c78  __TI_Handler_Table_Base        
00000c80  __TI_Handler_Table_Limit       
00000801  __TI_auto_init                 
20000200  __TI_cleanup_ptr               
00000b2d  __TI_decompress_none           
00000b59  __TI_decompress_rle24          
20000204  __TI_dtors_ptr                 
20000208  __TI_enable_exit_profile_output
ffffffff  __TI_pprof_out_hndl            
ffffffff  __TI_prof_data_size            
ffffffff  __TI_prof_data_start           
00000000  __TI_static_base__             
00000785  __aeabi_memclr                 
00000785  __aeabi_memclr4                
00000785  __aeabi_memclr8                
000006e9  __aeabi_memcpy                 
000006e9  __aeabi_memcpy4                
000006e9  __aeabi_memcpy8                
00000787  __aeabi_memset                 
00000787  __aeabi_memset4                
00000787  __aeabi_memset8                
ffffffff  __binit__                      
ffffffff  __c_args__                     
000004e3  __mpu_init                     
20000000  __stack                        
00000ab9  _args_main                     
000008dd  _c_int00                       
2000020c  _lock                          
00000af3  _nop                           
00000aeb  _register_lock                 
00000ae5  _register_unlock               
000007ff  _system_post_cinit             
00000b5f  _system_pre_init               
20000210  _unlock                        
00000935  abort                          
ffffffff  binit                          
00000985  copy_in                        
0000026d  delayMS                        
0000093d  exit                           
00000000  g_pfnVectors                   
00000289  main                           
20000214  main_func_sp                   
000006e9  memcpy                         
0000078d  memset                         


GLOBAL SYMBOLS: SORTED BY Symbol Address 

address   name                           
-------   ----                           
00000000  __TI_static_base__             
00000000  g_pfnVectors                   
00000200  __STACK_SIZE                   
0000026d  delayMS                        
00000289  main                           
000003b1  GPIOPadConfigSet               
000004e3  __mpu_init                     
000004e5  SysCtlClockGet                 
000005f5  SysCtlClockSet                 
000006e9  __aeabi_memcpy                 
000006e9  __aeabi_memcpy4                
000006e9  __aeabi_memcpy8                
000006e9  memcpy                         
00000785  __aeabi_memclr                 
00000785  __aeabi_memclr4                
00000785  __aeabi_memclr8                
00000787  __aeabi_memset                 
00000787  __aeabi_memset4                
00000787  __aeabi_memset8                
0000078d  memset                         
000007ff  _system_post_cinit             
00000801  __TI_auto_init                 
000008dd  _c_int00                       
00000931  C$$EXIT                        
00000935  abort                          
0000093d  exit                           
00000985  copy_in                        
000009d1  GPIOPinConfigure               
00000a19  SysCtlPeripheralEnable         
00000a4d  GPIODirModeSet                 
00000a77  PWMGenConfigure                
00000a99  PWMPulseWidthSet               
00000ab9  _args_main                     
00000ad1  SysCtlPWMClockSet              
00000ae5  _register_unlock               
00000aeb  _register_lock                 
00000af3  _nop                           
00000af9  GPIOPinTypePWM                 
00000b0b  PWMOutputState                 
00000b1d  PWMGenPeriodSet                
00000b2d  __TI_decompress_none           
00000b3b  PWMGenEnable                   
00000b47  ResetISR                       
00000b53  SysCtlDelay                    
00000b59  __TI_decompress_rle24          
00000b5f  _system_pre_init               
00000c78  __TI_Handler_Table_Base        
00000c80  __TI_CINIT_Base                
00000c80  __TI_Handler_Table_Limit       
00000c88  __TI_CINIT_Limit               
20000000  __stack                        
20000200  __STACK_END                    
20000200  __STACK_TOP                    
20000200  __TI_cleanup_ptr               
20000204  __TI_dtors_ptr                 
20000208  __TI_enable_exit_profile_output
2000020c  _lock                          
20000210  _unlock                        
20000214  main_func_sp                   
ffffffff  __TI_pprof_out_hndl            
ffffffff  __TI_prof_data_size            
ffffffff  __TI_prof_data_start           
ffffffff  __binit__                      
ffffffff  __c_args__                     
ffffffff  binit                          
UNDEFED   SHT$$INIT_ARRAY$$Base          
UNDEFED   SHT$$INIT_ARRAY$$Limit         

[67 symbols]
