******************************************************************************
                  TI ARM Linker PC v15.12.1                    
******************************************************************************
>> Linked Wed Oct 26 16:01:04 2016

OUTPUT FILE NAME:   <Blinky.out>
ENTRY POINT SYMBOL: "_c_int00"  address: 000006dd


MEMORY CONFIGURATION

         name            origin    length      used     unused   attr    fill
----------------------  --------  ---------  --------  --------  ----  --------
  FLASH                 00000000   00040000  00000904  0003f6fc  R  X
  SRAM                  20000000   00008000  00000218  00007de8  RW X


SEGMENT ALLOCATION MAP

run origin  load origin   length   init length attrs members
----------  ----------- ---------- ----------- ----- -------
00000000    00000000    00000908   00000908    r-x
  00000000    00000000    0000026c   0000026c    r-- .intvecs
  0000026c    0000026c    00000670   00000670    r-x .text
  000008e0    000008e0    00000028   00000028    r-- .cinit
20000000    20000000    00000218   00000000    rw-
  20000000    20000000    00000200   00000000    rw- .stack
  20000200    20000200    00000018   00000000    rw- .data


SECTION ALLOCATION MAP

 output                                  attributes/
section   page    origin      length       input sections
--------  ----  ----------  ----------   ----------------
.intvecs   0    00000000    0000026c     
                  00000000    0000026c     tm4c123gh6pm_startup_ccs.obj (.intvecs)

.text      0    0000026c    00000670     
                  0000026c    00000132     driverlib.lib : gpio.obj (.text:GPIOPadConfigSet)
                  0000039e    00000002     rtsv7M4_T_le_v4SPD16_eabi.lib : mpu_init.obj (.text)
                  000003a0    000000f4     driverlib.lib : sysctl.obj (.text:SysCtlClockSet)
                  00000494    0000009c     rtsv7M4_T_le_v4SPD16_eabi.lib : memcpy_t2.obj (.text)
                  00000530    0000007a                                   : memset_t2.obj (.text)
                  000005aa    00000002                                   : startup.obj (.text)
                  000005ac    00000070                                   : autoinit.obj (.text)
                  0000061c    0000006a                                   : copy_decompress_rle.obj (.text)
                  00000686    00000002     --HOLE-- [fill = 0]
                  00000688    00000054     main.obj (.text)
                  000006dc    00000054     rtsv7M4_T_le_v4SPD16_eabi.lib : boot.obj (.text)
                  00000730    00000054                                   : exit.obj (.text)
                  00000784    0000004c                                   : cpy_tbl.obj (.text)
                  000007d0    00000038     driverlib.lib : sysctl.obj (.text:SysCtlPeripheralReady)
                  00000808    00000034                   : sysctl.obj (.text:SysCtlPeripheralEnable)
                  0000083c    0000002a                   : gpio.obj (.text:GPIODirModeSet)
                  00000866    00000018                   : gpio.obj (.text:GPIOPinTypeGPIOOutput)
                  0000087e    00000002     --HOLE-- [fill = 0]
                  00000880    00000018     rtsv7M4_T_le_v4SPD16_eabi.lib : args_main.obj (.text)
                  00000898    00000014                                   : _lock.obj (.text)
                  000008ac    0000000e                                   : copy_decompress_none.obj (.text:decompress:none)
                  000008ba    0000000c     tm4c123gh6pm_startup_ccs.obj (.text)
                  000008c6    00000006     driverlib.lib : gpio.obj (.text:GPIOPinWrite)
                  000008cc    00000006                   : sysctl.obj (.text:SysCtlDelay)
                  000008d2    00000006     rtsv7M4_T_le_v4SPD16_eabi.lib : copy_decompress_rle.obj (.text:decompress:rle24)
                  000008d8    00000004                                   : pre_init.obj (.text)

.cinit     0    000008e0    00000028     
                  000008e0    00000016     (.cinit..data.load) [load image, compression = rle]
                  000008f6    00000002     --HOLE-- [fill = 0]
                  000008f8    00000008     (__TI_handler_table)
                  00000900    00000008     (__TI_cinit_table)

.init_array 
*          0    00000000    00000000     UNINITIALIZED

.stack     0    20000000    00000200     UNINITIALIZED
                  20000000    00000200     --HOLE--

.data      0    20000200    00000018     UNINITIALIZED
                  20000200    0000000c     rtsv7M4_T_le_v4SPD16_eabi.lib : exit.obj (.data:$O1$$)
                  2000020c    00000008                                   : _lock.obj (.data:$O1$$)
                  20000214    00000004                                   : stkdepth_vars.obj (.data)

MODULE SUMMARY

       Module                         code   ro data   rw data
       ------                         ----   -------   -------
    .\
       tm4c123gh6pm_startup_ccs.obj   12     620       0      
       main.obj                       84     0         0      
    +--+------------------------------+------+---------+---------+
       Total:                         96     620       0      
                                                              
    C:/ti/TivaWare_C_Series-2.1.3.156/driverlib/ccs/Debug/driverlib.lib
       gpio.obj                       378    0         0      
       sysctl.obj                     358    0         0      
    +--+------------------------------+------+---------+---------+
       Total:                         736    0         0      
                                                              
    C:\ti\ccsv6\tools\compiler\ti-cgt-arm_15.12.1.LTS\lib\rtsv7M4_T_le_v4SPD16_eabi.lib
       memcpy_t2.obj                  156    0         0      
       memset_t2.obj                  122    0         0      
       autoinit.obj                   112    0         0      
       copy_decompress_rle.obj        112    0         0      
       exit.obj                       84     0         12     
       boot.obj                       84     0         0      
       cpy_tbl.obj                    76     0         0      
       _lock.obj                      20     0         8      
       args_main.obj                  24     0         0      
       copy_decompress_none.obj       14     0         0      
       pre_init.obj                   4      0         0      
       stkdepth_vars.obj              0      0         4      
       mpu_init.obj                   2      0         0      
       startup.obj                    2      0         0      
    +--+------------------------------+------+---------+---------+
       Total:                         812    0         24     
                                                              
       Stack:                         0      0         512    
       Linker Generated:              0      38        0      
    +--+------------------------------+------+---------+---------+
       Grand Total:                   1644   658       536    


LINKER GENERATED COPY TABLES

__TI_cinit_table @ 00000900 records: 1, size/record: 8, table size: 8
	.data: load addr=000008e0, load size=00000016 bytes, run addr=20000200, run size=00000018 bytes, compression=rle


LINKER GENERATED HANDLER TABLE

__TI_handler_table @ 000008f8 records: 2, size/record: 4, table size: 8
	index: 0, handler: __TI_decompress_rle24
	index: 1, handler: __TI_decompress_none


GLOBAL SYMBOLS: SORTED ALPHABETICALLY BY Name 

address   name                           
-------   ----                           
00000731  C$$EXIT                        
0000083d  GPIODirModeSet                 
0000026d  GPIOPadConfigSet               
00000867  GPIOPinTypeGPIOOutput          
000008c7  GPIOPinWrite                   
000008bb  ResetISR                       
UNDEFED   SHT$$INIT_ARRAY$$Base          
UNDEFED   SHT$$INIT_ARRAY$$Limit         
000003a1  SysCtlClockSet                 
000008cd  SysCtlDelay                    
00000809  SysCtlPeripheralEnable         
000007d1  SysCtlPeripheralReady          
20000200  __STACK_END                    
00000200  __STACK_SIZE                   
20000200  __STACK_TOP                    
00000900  __TI_CINIT_Base                
00000908  __TI_CINIT_Limit               
000008f8  __TI_Handler_Table_Base        
00000900  __TI_Handler_Table_Limit       
000005ad  __TI_auto_init                 
20000200  __TI_cleanup_ptr               
000008ad  __TI_decompress_none           
000008d3  __TI_decompress_rle24          
20000204  __TI_dtors_ptr                 
20000208  __TI_enable_exit_profile_output
ffffffff  __TI_pprof_out_hndl            
ffffffff  __TI_prof_data_size            
ffffffff  __TI_prof_data_start           
00000000  __TI_static_base__             
00000531  __aeabi_memclr                 
00000531  __aeabi_memclr4                
00000531  __aeabi_memclr8                
00000495  __aeabi_memcpy                 
00000495  __aeabi_memcpy4                
00000495  __aeabi_memcpy8                
00000533  __aeabi_memset                 
00000533  __aeabi_memset4                
00000533  __aeabi_memset8                
ffffffff  __binit__                      
ffffffff  __c_args__                     
0000039f  __mpu_init                     
20000000  __stack                        
00000881  _args_main                     
000006dd  _c_int00                       
2000020c  _lock                          
000008a7  _nop                           
0000089f  _register_lock                 
00000899  _register_unlock               
000005ab  _system_post_cinit             
000008d9  _system_pre_init               
20000210  _unlock                        
00000735  abort                          
ffffffff  binit                          
00000785  copy_in                        
0000073d  exit                           
00000000  g_pfnVectors                   
00000689  main                           
20000214  main_func_sp                   
00000495  memcpy                         
00000539  memset                         


GLOBAL SYMBOLS: SORTED BY Symbol Address 

address   name                           
-------   ----                           
00000000  __TI_static_base__             
00000000  g_pfnVectors                   
00000200  __STACK_SIZE                   
0000026d  GPIOPadConfigSet               
0000039f  __mpu_init                     
000003a1  SysCtlClockSet                 
00000495  __aeabi_memcpy                 
00000495  __aeabi_memcpy4                
00000495  __aeabi_memcpy8                
00000495  memcpy                         
00000531  __aeabi_memclr                 
00000531  __aeabi_memclr4                
00000531  __aeabi_memclr8                
00000533  __aeabi_memset                 
00000533  __aeabi_memset4                
00000533  __aeabi_memset8                
00000539  memset                         
000005ab  _system_post_cinit             
000005ad  __TI_auto_init                 
00000689  main                           
000006dd  _c_int00                       
00000731  C$$EXIT                        
00000735  abort                          
0000073d  exit                           
00000785  copy_in                        
000007d1  SysCtlPeripheralReady          
00000809  SysCtlPeripheralEnable         
0000083d  GPIODirModeSet                 
00000867  GPIOPinTypeGPIOOutput          
00000881  _args_main                     
00000899  _register_unlock               
0000089f  _register_lock                 
000008a7  _nop                           
000008ad  __TI_decompress_none           
000008bb  ResetISR                       
000008c7  GPIOPinWrite                   
000008cd  SysCtlDelay                    
000008d3  __TI_decompress_rle24          
000008d9  _system_pre_init               
000008f8  __TI_Handler_Table_Base        
00000900  __TI_CINIT_Base                
00000900  __TI_Handler_Table_Limit       
00000908  __TI_CINIT_Limit               
20000000  __stack                        
20000200  __STACK_END                    
20000200  __STACK_TOP                    
20000200  __TI_cleanup_ptr               
20000204  __TI_dtors_ptr                 
20000208  __TI_enable_exit_profile_output
2000020c  _lock                          
20000210  _unlock                        
20000214  main_func_sp                   
ffffffff  __TI_pprof_out_hndl            
ffffffff  __TI_prof_data_size            
ffffffff  __TI_prof_data_start           
ffffffff  __binit__                      
ffffffff  __c_args__                     
ffffffff  binit                          
UNDEFED   SHT$$INIT_ARRAY$$Base          
UNDEFED   SHT$$INIT_ARRAY$$Limit         

[60 symbols]
