******************************************************************************
                  TI ARM Linker PC v15.12.1                    
******************************************************************************
>> Linked Mon Nov 14 11:55:34 2016

OUTPUT FILE NAME:   <timers.out>
ENTRY POINT SYMBOL: "_c_int00"  address: 00006055


MEMORY CONFIGURATION

         name            origin    length      used     unused   attr    fill
----------------------  --------  ---------  --------  --------  ----  --------
  FLASH                 00000000   00100000  000064d6  000f9b2a  R  X
  SRAM                  20000000   00040000  0000046c  0003fb94  RW X


SEGMENT ALLOCATION MAP

run origin  load origin   length   init length attrs members
----------  ----------- ---------- ----------- ----- -------
00000000    00000000    000064dc   000064dc    r-x
  00000000    00000000    00000200   00000200    r-- .intvecs
  00000200    00000200    00003bb4   00003bb4    r-- .const
  00003db4    00003db4    000026e6   000026e6    r-x .text
  000064a0    000064a0    0000003c   0000003c    r-- .cinit
20000000    20000000    0000046c   00000000    rw-
  20000000    20000000    00000400   00000000    rw- .stack
  20000400    20000400    00000054   00000000    rw- .bss
  20000454    20000454    00000018   00000000    rw- .data


SECTION ALLOCATION MAP

 output                                  attributes/
section   page    origin      length       input sections
--------  ----  ----------  ----------   ----------------
.intvecs   0    00000000    00000200     
                  00000000    00000200     startup_ccs.obj (.intvecs)

.const     0    00000200    00003bb4     
                  00000200    00001a46     frame.obj (.const:.string:g_pui8Top)
                  00001c46    00000786     frame.obj (.const:.string:g_pui8Bottom)
                  000023cc    00000782     grlib.lib : fontcmss18b.obj (.const:.string:g_pui8Cmss18bData)
                  00002b4e    00000546     frame.obj (.const:.string:g_pui8Left)
                  00003094    00000546     frame.obj (.const:.string:g_pui8Right)
                  000035da    00000002     --HOLE-- [fill = 0]
                  000035dc    000001b0     driverlib.lib : sysctl.obj (.const:g_pppui32XTALtoVCO)
                  0000378c    0000017c     frame.obj (.const:.string:g_pui8TopLeft)
                  00003908    00000173     frame.obj (.const:.string:g_pui8TopRight)
                  00003a7b    000000d0     frame.obj (.const:.string:g_pui8BottomLeft)
                  00003b4b    00000001     --HOLE-- [fill = 0]
                  00003b4c    000000c8     grlib.lib : fontcmss18b.obj (.const:g_sFontCmss18b)
                  00003c14    000000c4     frame.obj (.const:.string:g_pui8BottomRight)
                  00003cd8    0000006c     driverlib.lib : sysctl.obj (.const:g_pui32Xtals)
                  00003d44    00000030                   : sysctl.obj (.const:g_sXTALtoMEMTIM)
                  00003d74    00000028     kentec320x240x16_ssd2119.obj (.const:g_sKentec320x240x16_SSD2119)
                  00003d9c    00000010     grlib.lib : context.obj (.const)
                  00003dac    00000008     driverlib.lib : sysctl.obj (.const)

.text      0    00003db4    000026e6     
                  00003db4    000004b8     pinout.obj (.text:PinoutSet)
                  0000426c    00000484     kentec320x240x16_ssd2119.obj (.text:Kentec320x240x16_SSD2119Init)
                  000046f0    00000374     grlib.lib : image.obj (.text:InternalImageDraw)
                  00004a64    000002f8               : image.obj (.text:PixelTransparentDraw)
                  00004d5c    00000254               : string.obj (.text:GrFontGlyphRender)
                  00004fb0    000001fc     frame.obj (.text:FrameDraw)
                  000051ac    000001ec     driverlib.lib : sysctl.obj (.text:SysCtlClockFreqSet)
                  00005398    000001cc     kentec320x240x16_ssd2119.obj (.text:Kentec320x240x16_SSD2119PixelDrawMultiple)
                  00005564    00000194     kentec320x240x16_ssd2119.obj (.text:Kentec320x240x16_SSD2119RectFill)
                  000056f8    00000132     driverlib.lib : gpio.obj (.text:GPIOPadConfigSet)
                  0000582a    00000002     startup_ccs.obj (.text:FaultISR)
                  0000582c    00000130     timers.obj (.text:main)
                  0000595c    000000c0     grlib.lib : string.obj (.text:GrDefaultStringRenderer)
                  00005a1c    000000b0     kentec320x240x16_ssd2119.obj (.text:Kentec320x240x16_SSD2119LineDrawH)
                  00005acc    000000b0     kentec320x240x16_ssd2119.obj (.text:Kentec320x240x16_SSD2119LineDrawV)
                  00005b7c    0000009c     rtsv7M4_T_le_v4SPD16_eabi.lib : memcpy_t2.obj (.text)
                  00005c18    0000007a                                   : memset_t2.obj (.text)
                  00005c92    00000002     startup_ccs.obj (.text:IntDefaultHandler)
                  00005c94    00000078     kentec320x240x16_ssd2119.obj (.text:Kentec320x240x16_SSD2119PixelDraw)
                  00005d0c    00000070     timers.obj (.text:Timer1IntHandler)
                  00005d7c    00000070     rtsv7M4_T_le_v4SPD16_eabi.lib : autoinit.obj (.text)
                  00005dec    0000006c     timers.obj (.text:Timer0IntHandler)
                  00005e58    0000006a     rtsv7M4_T_le_v4SPD16_eabi.lib : copy_decompress_rle.obj (.text)
                  00005ec2    00000002     kentec320x240x16_ssd2119.obj (.text:Kentec320x240x16_SSD2119Flush)
                  00005ec4    00000068     grlib.lib : context.obj (.text:GrContextInit)
                  00005f2c    00000068               : string.obj (.text:GrStringWidthGet)
                  00005f94    00000066               : context.obj (.text:GrContextClipRegionSet)
                  00005ffa    0000005a               : string.obj (.text:FontWideGlyphDataGet)
                  00006054    00000054     rtsv7M4_T_le_v4SPD16_eabi.lib : boot.obj (.text)
                  000060a8    00000054                                   : exit.obj (.text)
                  000060fc    0000004c                                   : cpy_tbl.obj (.text)
                  00006148    0000004a     grlib.lib : string.obj (.text:UpdateContextCharMapping)
                  00006192    00000002     startup_ccs.obj (.text:NmiSR)
                  00006194    00000048     driverlib.lib : sysctl.obj (.text:_SysCtlFrequencyGet)
                  000061dc    0000003c                   : lcd.obj (.text:LCDIDDTimingSet)
                  00006218    0000003a     grlib.lib : string.obj (.text:FontGlyphDataGet)
                  00006252    00000002     rtsv7M4_T_le_v4SPD16_eabi.lib : mpu_init.obj (.text)
                  00006254    00000034     driverlib.lib : sysctl.obj (.text:SysCtlPeripheralEnable)
                  00006288    0000002e     grlib.lib : string.obj (.text:GrStringNextCharGet)
                  000062b6    0000002c               : string.obj (.text:GrFontBaselineGet)
                  000062e2    0000002a     driverlib.lib : gpio.obj (.text:GPIODirModeSet)
                  0000630c    00000026     grlib.lib : string.obj (.text:GrFontInfoGet)
                  00006332    00000022               : string.obj (.text:GrFontGlyphDataGet)
                  00006354    00000022     driverlib.lib : lcd.obj (.text:LCDModeSet)
                  00006376    00000002     rtsv7M4_T_le_v4SPD16_eabi.lib : startup.obj (.text)
                  00006378    00000020     driverlib.lib : sysctl.obj (.text:_SysCtlMemTimingGet)
                  00006398    0000001e     grlib.lib : string.obj (.text:GrFontCodepageGet)
                  000063b6    00000002     --HOLE-- [fill = 0]
                  000063b8    00000018     rtsv7M4_T_le_v4SPD16_eabi.lib : args_main.obj (.text)
                  000063d0    00000016     grlib.lib : string.obj (.text:GrStringDraw)
                  000063e6    00000016     kentec320x240x16_ssd2119.obj (.text:Kentec320x240x16_SSD2119ColorTranslate)
                  000063fc    00000014     rtsv7M4_T_le_v4SPD16_eabi.lib : _lock.obj (.text)
                  00006410    00000012     driverlib.lib : gpio.obj (.text:GPIOPinTypeEthernetLED)
                  00006422    00000012                   : gpio.obj (.text:GPIOPinTypeLCD)
                  00006434    0000000e     grlib.lib : image.obj (.text:GrImageDraw)
                  00006442    0000000e     rtsv7M4_T_le_v4SPD16_eabi.lib : copy_decompress_none.obj (.text:decompress:none)
                  00006450    0000000c     driverlib.lib : lcd.obj (.text:LCDIDDCommandWrite)
                  0000645c    0000000c                   : lcd.obj (.text:LCDIDDDataWrite)
                  00006468    00000008     grlib.lib : charmap.obj (.text:GrMapISO8859_1_Unicode)
                  00006470    00000006     driverlib.lib : gpio.obj (.text:GPIOPinWrite)
                  00006476    00000006     grlib.lib : string.obj (.text:GrContextFontSet)
                  0000647c    00000006     startup_ccs.obj (.text:ResetISR)
                  00006482    00000006     driverlib.lib : sysctl.obj (.text:SysCtlDelay)
                  00006488    00000006     rtsv7M4_T_le_v4SPD16_eabi.lib : copy_decompress_rle.obj (.text:decompress:rle24)
                  0000648e    00000004     driverlib.lib : lcd.obj (.text:LCDDMAConfigSet)
                  00006492    00000004                   : lcd.obj (.text:LCDIDDConfigSet)
                  00006496    00000004     rtsv7M4_T_le_v4SPD16_eabi.lib : pre_init.obj (.text)

.cinit     0    000064a0    0000003c     
                  000064a0    00000016     (.cinit..data.load) [load image, compression = rle]
                  000064b6    00000002     --HOLE-- [fill = 0]
                  000064b8    00000009     (.cinit..bss.load) [load image, compression = rle]
                  000064c1    00000003     --HOLE-- [fill = 0]
                  000064c4    00000008     (__TI_handler_table)
                  000064cc    00000010     (__TI_cinit_table)

.init_array 
*          0    00000000    00000000     UNINITIALIZED

.stack     0    20000000    00000400     UNINITIALIZED
                  20000000    00000400     --HOLE--

.bss       0    20000400    00000054     UNINITIALIZED
                  20000400    0000002c     (.common:g_sContext)
                  2000042c    00000020     (.common:g_pui8Dictionary)
                  2000044c    00000004     (.common:g_psGrLibDefaults)
                  20000450    00000004     (.common:g_ui32Flags)

.data      0    20000454    00000018     UNINITIALIZED
                  20000454    0000000c     rtsv7M4_T_le_v4SPD16_eabi.lib : exit.obj (.data:$O1$$)
                  20000460    00000008                                   : _lock.obj (.data:$O1$$)
                  20000468    00000004                                   : stkdepth_vars.obj (.data)

MODULE SUMMARY

       Module                         code   ro data   rw data
       ------                         ----   -------   -------
    .\
       timers.obj                     524    0         48     
       startup_ccs.obj                12     512       0      
    +--+------------------------------+------+---------+---------+
       Total:                         536    512       48     
                                                              
    .\drivers\
       frame.obj                      508    12507     0      
       kentec320x240x16_ssd2119.obj   2516   40        0      
       pinout.obj                     1208   0         0      
    +--+------------------------------+------+---------+---------+
       Total:                         4232   12547     0      
                                                              
    C:\ti\ccsv6\tools\compiler\ti-cgt-arm_15.12.1.LTS\lib\rtsv7M4_T_le_v4SPD16_eabi.lib
       memcpy_t2.obj                  156    0         0      
       memset_t2.obj                  122    0         0      
       autoinit.obj                   112    0         0      
       copy_decompress_rle.obj        112    0         0      
       exit.obj                       84     0         12     
       boot.obj                       84     0         0      
       cpy_tbl.obj                    76     0         0      
       _lock.obj                      20     0         8      
       args_main.obj                  24     0         0      
       copy_decompress_none.obj       14     0         0      
       pre_init.obj                   4      0         0      
       stkdepth_vars.obj              0      0         4      
       mpu_init.obj                   2      0         0      
       startup.obj                    2      0         0      
    +--+------------------------------+------+---------+---------+
       Total:                         812    0         24     
                                                              
    c:/ti/TivaWare_C_Series-2.1.3.156/driverlib/ccs/Debug/driverlib.lib
       sysctl.obj                     654    596       0      
       gpio.obj                       390    0         0      
       lcd.obj                        126    0         0      
    +--+------------------------------+------+---------+---------+
       Total:                         1170   596       0      
                                                              
    c:/ti/TivaWare_C_Series-2.1.3.156/grlib/ccs/Debug/grlib.lib
       fontcmss18b.obj                0      2122      0      
       image.obj                      1658   0         32     
       string.obj                     1334   0         0      
       context.obj                    206    16        4      
       charmap.obj                    8      0         0      
    +--+------------------------------+------+---------+---------+
       Total:                         3206   2138      36     
                                                              
       Stack:                         0      0         1024   
       Linker Generated:              0      55        0      
    +--+------------------------------+------+---------+---------+
       Grand Total:                   9956   15848     1132   


LINKER GENERATED COPY TABLES

__TI_cinit_table @ 000064cc records: 2, size/record: 8, table size: 16
	.data: load addr=000064a0, load size=00000016 bytes, run addr=20000454, run size=00000018 bytes, compression=rle
	.bss: load addr=000064b8, load size=00000009 bytes, run addr=20000400, run size=00000054 bytes, compression=rle


LINKER GENERATED HANDLER TABLE

__TI_handler_table @ 000064c4 records: 2, size/record: 4, table size: 8
	index: 0, handler: __TI_decompress_rle24
	index: 1, handler: __TI_decompress_none


GLOBAL SYMBOLS: SORTED ALPHABETICALLY BY Name 

address   name                           
-------   ----                           
000060a9  C$$EXIT                        
00004fb1  FrameDraw                      
000062e3  GPIODirModeSet                 
000056f9  GPIOPadConfigSet               
00006411  GPIOPinTypeEthernetLED         
00006423  GPIOPinTypeLCD                 
00006471  GPIOPinWrite                   
00005f95  GrContextClipRegionSet         
00006477  GrContextFontSet               
00005ec5  GrContextInit                  
0000595d  GrDefaultStringRenderer        
000062b7  GrFontBaselineGet              
00006399  GrFontCodepageGet              
00006333  GrFontGlyphDataGet             
00004d5d  GrFontGlyphRender              
0000630d  GrFontInfoGet                  
00006435  GrImageDraw                    
00006469  GrMapISO8859_1_Unicode         
000063d1  GrStringDraw                   
00006289  GrStringNextCharGet            
00005f2d  GrStringWidthGet               
0000426d  Kentec320x240x16_SSD2119Init   
0000648f  LCDDMAConfigSet                
00006451  LCDIDDCommandWrite             
00006493  LCDIDDConfigSet                
0000645d  LCDIDDDataWrite                
000061dd  LCDIDDTimingSet                
00006355  LCDModeSet                     
00003db5  PinoutSet                      
0000647d  ResetISR                       
UNDEFED   SHT$$INIT_ARRAY$$Base          
UNDEFED   SHT$$INIT_ARRAY$$Limit         
000051ad  SysCtlClockFreqSet             
00006483  SysCtlDelay                    
00006255  SysCtlPeripheralEnable         
00005ded  Timer0IntHandler               
00005d0d  Timer1IntHandler               
20000400  __STACK_END                    
00000400  __STACK_SIZE                   
20000400  __STACK_TOP                    
000064cc  __TI_CINIT_Base                
000064dc  __TI_CINIT_Limit               
000064c4  __TI_Handler_Table_Base        
000064cc  __TI_Handler_Table_Limit       
00005d7d  __TI_auto_init                 
20000454  __TI_cleanup_ptr               
00006443  __TI_decompress_none           
00006489  __TI_decompress_rle24          
20000458  __TI_dtors_ptr                 
2000045c  __TI_enable_exit_profile_output
ffffffff  __TI_pprof_out_hndl            
ffffffff  __TI_prof_data_size            
ffffffff  __TI_prof_data_start           
00000000  __TI_static_base__             
00005c19  __aeabi_memclr                 
00005c19  __aeabi_memclr4                
00005c19  __aeabi_memclr8                
00005b7d  __aeabi_memcpy                 
00005b7d  __aeabi_memcpy4                
00005b7d  __aeabi_memcpy8                
00005c1b  __aeabi_memset                 
00005c1b  __aeabi_memset4                
00005c1b  __aeabi_memset8                
ffffffff  __binit__                      
ffffffff  __c_args__                     
00006253  __mpu_init                     
20000000  __stack                        
000063b9  _args_main                     
00006055  _c_int00                       
20000460  _lock                          
0000640b  _nop                           
00006403  _register_lock                 
000063fd  _register_unlock               
00006377  _system_post_cinit             
00006497  _system_pre_init               
20000464  _unlock                        
000060ad  abort                          
ffffffff  binit                          
000060fd  copy_in                        
000060b5  exit                           
00000000  g_pfnVectors                   
00003d9c  g_psDefaultCodePointMapTable   
20000400  g_sContext                     
00003b4c  g_sFontCmss18b                 
00003d74  g_sKentec320x240x16_SSD2119    
20000450  g_ui32Flags                    
0000582d  main                           
20000468  main_func_sp                   
00005b7d  memcpy                         
00005c21  memset                         


GLOBAL SYMBOLS: SORTED BY Symbol Address 

address   name                           
-------   ----                           
00000000  __TI_static_base__             
00000000  g_pfnVectors                   
00000400  __STACK_SIZE                   
00003b4c  g_sFontCmss18b                 
00003d74  g_sKentec320x240x16_SSD2119    
00003d9c  g_psDefaultCodePointMapTable   
00003db5  PinoutSet                      
0000426d  Kentec320x240x16_SSD2119Init   
00004d5d  GrFontGlyphRender              
00004fb1  FrameDraw                      
000051ad  SysCtlClockFreqSet             
000056f9  GPIOPadConfigSet               
0000582d  main                           
0000595d  GrDefaultStringRenderer        
00005b7d  __aeabi_memcpy                 
00005b7d  __aeabi_memcpy4                
00005b7d  __aeabi_memcpy8                
00005b7d  memcpy                         
00005c19  __aeabi_memclr                 
00005c19  __aeabi_memclr4                
00005c19  __aeabi_memclr8                
00005c1b  __aeabi_memset                 
00005c1b  __aeabi_memset4                
00005c1b  __aeabi_memset8                
00005c21  memset                         
00005d0d  Timer1IntHandler               
00005d7d  __TI_auto_init                 
00005ded  Timer0IntHandler               
00005ec5  GrContextInit                  
00005f2d  GrStringWidthGet               
00005f95  GrContextClipRegionSet         
00006055  _c_int00                       
000060a9  C$$EXIT                        
000060ad  abort                          
000060b5  exit                           
000060fd  copy_in                        
000061dd  LCDIDDTimingSet                
00006253  __mpu_init                     
00006255  SysCtlPeripheralEnable         
00006289  GrStringNextCharGet            
000062b7  GrFontBaselineGet              
000062e3  GPIODirModeSet                 
0000630d  GrFontInfoGet                  
00006333  GrFontGlyphDataGet             
00006355  LCDModeSet                     
00006377  _system_post_cinit             
00006399  GrFontCodepageGet              
000063b9  _args_main                     
000063d1  GrStringDraw                   
000063fd  _register_unlock               
00006403  _register_lock                 
0000640b  _nop                           
00006411  GPIOPinTypeEthernetLED         
00006423  GPIOPinTypeLCD                 
00006435  GrImageDraw                    
00006443  __TI_decompress_none           
00006451  LCDIDDCommandWrite             
0000645d  LCDIDDDataWrite                
00006469  GrMapISO8859_1_Unicode         
00006471  GPIOPinWrite                   
00006477  GrContextFontSet               
0000647d  ResetISR                       
00006483  SysCtlDelay                    
00006489  __TI_decompress_rle24          
0000648f  LCDDMAConfigSet                
00006493  LCDIDDConfigSet                
00006497  _system_pre_init               
000064c4  __TI_Handler_Table_Base        
000064cc  __TI_CINIT_Base                
000064cc  __TI_Handler_Table_Limit       
000064dc  __TI_CINIT_Limit               
20000000  __stack                        
20000400  __STACK_END                    
20000400  __STACK_TOP                    
20000400  g_sContext                     
20000450  g_ui32Flags                    
20000454  __TI_cleanup_ptr               
20000458  __TI_dtors_ptr                 
2000045c  __TI_enable_exit_profile_output
20000460  _lock                          
20000464  _unlock                        
20000468  main_func_sp                   
ffffffff  __TI_pprof_out_hndl            
ffffffff  __TI_prof_data_size            
ffffffff  __TI_prof_data_start           
ffffffff  __binit__                      
ffffffff  __c_args__                     
ffffffff  binit                          
UNDEFED   SHT$$INIT_ARRAY$$Base          
UNDEFED   SHT$$INIT_ARRAY$$Limit         

[90 symbols]
