******************************************************************************
                  TI ARM Linker PC v15.12.3                    
******************************************************************************
>> Linked Wed Oct 26 18:03:17 2016

OUTPUT FILE NAME:   <adc_hardwareAveraging.out>
ENTRY POINT SYMBOL: "_c_int00"  address: 00000849


MEMORY CONFIGURATION

         name            origin    length      used     unused   attr    fill
----------------------  --------  ---------  --------  --------  ----  --------
  FLASH                 00000000   00040000  00000af4  0003f50c  R  X
  SRAM                  20000000   00008000  00000218  00007de8  RW X


SEGMENT ALLOCATION MAP

run origin  load origin   length   init length attrs members
----------  ----------- ---------- ----------- ----- -------
00000000    00000000    00000af8   00000af8    r-x
  00000000    00000000    0000026c   0000026c    r-- .intvecs
  0000026c    0000026c    00000860   00000860    r-x .text
  00000ad0    00000ad0    00000028   00000028    r-- .cinit
20000000    20000000    00000218   00000000    rw-
  20000000    20000000    00000200   00000000    rw- .stack
  20000200    20000200    00000018   00000000    rw- .data


SECTION ALLOCATION MAP

 output                                  attributes/
section   page    origin      length       input sections
--------  ----  ----------  ----------   ----------------
.intvecs   0    00000000    0000026c     
                  00000000    0000026c     tm4c123gh6pm_startup_ccs.obj (.intvecs)

.text      0    0000026c    00000860     
                  0000026c    00000132     driverlib.lib : gpio.obj (.text:GPIOPadConfigSet)
                  0000039e    00000002     rtsv7M4_T_le_v4SPD16_eabi.lib : mpu_init.obj (.text)
                  000003a0    000000f4     driverlib.lib : sysctl.obj (.text:SysCtlClockSet)
                  00000494    000000f0     main.obj (.text)
                  00000584    0000009c     rtsv7M4_T_le_v4SPD16_eabi.lib : memcpy_t2.obj (.text)
                  00000620    0000007a     driverlib.lib : adc.obj (.text:ADCSequenceStepConfigure)
                  0000069a    0000007a     rtsv7M4_T_le_v4SPD16_eabi.lib : memset_t2.obj (.text)
                  00000714    00000070                                   : autoinit.obj (.text)
                  00000784    0000006a                                   : copy_decompress_rle.obj (.text)
                  000007ee    00000002                                   : startup.obj (.text)
                  000007f0    00000058     driverlib.lib : adc.obj (.text:ADCSequenceConfigure)
                  00000848    00000054     rtsv7M4_T_le_v4SPD16_eabi.lib : boot.obj (.text)
                  0000089c    00000054                                   : exit.obj (.text)
                  000008f0    0000004c                                   : cpy_tbl.obj (.text)
                  0000093c    00000038     driverlib.lib : sysctl.obj (.text:SysCtlPeripheralReady)
                  00000974    00000034                   : sysctl.obj (.text:SysCtlPeripheralEnable)
                  000009a8    0000002e                   : adc.obj (.text:ADCIntStatus)
                  000009d6    0000002a                   : gpio.obj (.text:GPIODirModeSet)
                  00000a00    0000001e                   : adc.obj (.text:ADCSequenceDataGet)
                  00000a1e    00000018                   : adc.obj (.text:ADCProcessorTrigger)
                  00000a36    00000018                   : gpio.obj (.text:GPIOPinTypeGPIOOutput)
                  00000a4e    00000002     --HOLE-- [fill = 0]
                  00000a50    00000018     rtsv7M4_T_le_v4SPD16_eabi.lib : args_main.obj (.text)
                  00000a68    00000014                                   : _lock.obj (.text)
                  00000a7c    0000000e     driverlib.lib : adc.obj (.text:ADCHardwareOversampleConfigure)
                  00000a8a    0000000e                   : adc.obj (.text:ADCSequenceEnable)
                  00000a98    0000000e     rtsv7M4_T_le_v4SPD16_eabi.lib : copy_decompress_none.obj (.text:decompress:none)
                  00000aa6    0000000c     tm4c123gh6pm_startup_ccs.obj (.text)
                  00000ab2    0000000a     driverlib.lib : adc.obj (.text:ADCIntClear)
                  00000abc    00000006                   : sysctl.obj (.text:SysCtlDelay)
                  00000ac2    00000006     rtsv7M4_T_le_v4SPD16_eabi.lib : copy_decompress_rle.obj (.text:decompress:rle24)
                  00000ac8    00000004                                   : pre_init.obj (.text)

.cinit     0    00000ad0    00000028     
                  00000ad0    00000016     (.cinit..data.load) [load image, compression = rle]
                  00000ae6    00000002     --HOLE-- [fill = 0]
                  00000ae8    00000008     (__TI_handler_table)
                  00000af0    00000008     (__TI_cinit_table)

.init_array 
*          0    00000000    00000000     UNINITIALIZED

.stack     0    20000000    00000200     UNINITIALIZED
                  20000000    00000200     --HOLE--

.data      0    20000200    00000018     UNINITIALIZED
                  20000200    0000000c     rtsv7M4_T_le_v4SPD16_eabi.lib : exit.obj (.data:$O1$$)
                  2000020c    00000008                                   : _lock.obj (.data:$O1$$)
                  20000214    00000004                                   : stkdepth_vars.obj (.data)

MODULE SUMMARY

       Module                         code   ro data   rw data
       ------                         ----   -------   -------
    .\
       tm4c123gh6pm_startup_ccs.obj   12     620       0      
       main.obj                       240    0         0      
    +--+------------------------------+------+---------+---------+
       Total:                         252    620       0      
                                                              
    C:/ti/TivaWare_C_Series-2.1.3.156/driverlib/ccs/Debug/driverlib.lib
       gpio.obj                       372    0         0      
       sysctl.obj                     358    0         0      
       adc.obj                        348    0         0      
    +--+------------------------------+------+---------+---------+
       Total:                         1078   0         0      
                                                              
    C:\ti\ccsv6\tools\compiler\arm_15.12.3.LTS\lib\rtsv7M4_T_le_v4SPD16_eabi.lib
       memcpy_t2.obj                  156    0         0      
       memset_t2.obj                  122    0         0      
       autoinit.obj                   112    0         0      
       copy_decompress_rle.obj        112    0         0      
       exit.obj                       84     0         12     
       boot.obj                       84     0         0      
       cpy_tbl.obj                    76     0         0      
       _lock.obj                      20     0         8      
       args_main.obj                  24     0         0      
       copy_decompress_none.obj       14     0         0      
       pre_init.obj                   4      0         0      
       stkdepth_vars.obj              0      0         4      
       mpu_init.obj                   2      0         0      
       startup.obj                    2      0         0      
    +--+------------------------------+------+---------+---------+
       Total:                         812    0         24     
                                                              
       Stack:                         0      0         512    
       Linker Generated:              0      38        0      
    +--+------------------------------+------+---------+---------+
       Grand Total:                   2142   658       536    


LINKER GENERATED COPY TABLES

__TI_cinit_table @ 00000af0 records: 1, size/record: 8, table size: 8
	.data: load addr=00000ad0, load size=00000016 bytes, run addr=20000200, run size=00000018 bytes, compression=rle


LINKER GENERATED HANDLER TABLE

__TI_handler_table @ 00000ae8 records: 2, size/record: 4, table size: 8
	index: 0, handler: __TI_decompress_rle24
	index: 1, handler: __TI_decompress_none


GLOBAL SYMBOLS: SORTED ALPHABETICALLY BY Name 

address   name                           
-------   ----                           
00000a7d  ADCHardwareOversampleConfigure 
00000ab3  ADCIntClear                    
000009a9  ADCIntStatus                   
00000a1f  ADCProcessorTrigger            
000007f1  ADCSequenceConfigure           
00000a01  ADCSequenceDataGet             
00000a8b  ADCSequenceEnable              
00000621  ADCSequenceStepConfigure       
0000089d  C$$EXIT                        
000009d7  GPIODirModeSet                 
0000026d  GPIOPadConfigSet               
00000a37  GPIOPinTypeGPIOOutput          
00000aa7  ResetISR                       
UNDEFED   SHT$$INIT_ARRAY$$Base          
UNDEFED   SHT$$INIT_ARRAY$$Limit         
000003a1  SysCtlClockSet                 
00000abd  SysCtlDelay                    
00000975  SysCtlPeripheralEnable         
0000093d  SysCtlPeripheralReady          
20000200  __STACK_END                    
00000200  __STACK_SIZE                   
20000200  __STACK_TOP                    
00000af0  __TI_CINIT_Base                
00000af8  __TI_CINIT_Limit               
00000ae8  __TI_Handler_Table_Base        
00000af0  __TI_Handler_Table_Limit       
00000715  __TI_auto_init                 
20000200  __TI_cleanup_ptr               
00000a99  __TI_decompress_none           
00000ac3  __TI_decompress_rle24          
20000204  __TI_dtors_ptr                 
20000208  __TI_enable_exit_profile_output
ffffffff  __TI_pprof_out_hndl            
ffffffff  __TI_prof_data_size            
ffffffff  __TI_prof_data_start           
00000000  __TI_static_base__             
0000069b  __aeabi_memclr                 
0000069b  __aeabi_memclr4                
0000069b  __aeabi_memclr8                
00000585  __aeabi_memcpy                 
00000585  __aeabi_memcpy4                
00000585  __aeabi_memcpy8                
0000069d  __aeabi_memset                 
0000069d  __aeabi_memset4                
0000069d  __aeabi_memset8                
ffffffff  __binit__                      
ffffffff  __c_args__                     
0000039f  __mpu_init                     
20000000  __stack                        
00000a51  _args_main                     
00000849  _c_int00                       
2000020c  _lock                          
00000a77  _nop                           
00000a6f  _register_lock                 
00000a69  _register_unlock               
000007ef  _system_post_cinit             
00000ac9  _system_pre_init               
20000210  _unlock                        
000008a1  abort                          
ffffffff  binit                          
000008f1  copy_in                        
000008a9  exit                           
00000000  g_pfnVectors                   
00000495  main                           
20000214  main_func_sp                   
00000585  memcpy                         
000006a3  memset                         


GLOBAL SYMBOLS: SORTED BY Symbol Address 

address   name                           
-------   ----                           
00000000  __TI_static_base__             
00000000  g_pfnVectors                   
00000200  __STACK_SIZE                   
0000026d  GPIOPadConfigSet               
0000039f  __mpu_init                     
000003a1  SysCtlClockSet                 
00000495  main                           
00000585  __aeabi_memcpy                 
00000585  __aeabi_memcpy4                
00000585  __aeabi_memcpy8                
00000585  memcpy                         
00000621  ADCSequenceStepConfigure       
0000069b  __aeabi_memclr                 
0000069b  __aeabi_memclr4                
0000069b  __aeabi_memclr8                
0000069d  __aeabi_memset                 
0000069d  __aeabi_memset4                
0000069d  __aeabi_memset8                
000006a3  memset                         
00000715  __TI_auto_init                 
000007ef  _system_post_cinit             
000007f1  ADCSequenceConfigure           
00000849  _c_int00                       
0000089d  C$$EXIT                        
000008a1  abort                          
000008a9  exit                           
000008f1  copy_in                        
0000093d  SysCtlPeripheralReady          
00000975  SysCtlPeripheralEnable         
000009a9  ADCIntStatus                   
000009d7  GPIODirModeSet                 
00000a01  ADCSequenceDataGet             
00000a1f  ADCProcessorTrigger            
00000a37  GPIOPinTypeGPIOOutput          
00000a51  _args_main                     
00000a69  _register_unlock               
00000a6f  _register_lock                 
00000a77  _nop                           
00000a7d  ADCHardwareOversampleConfigure 
00000a8b  ADCSequenceEnable              
00000a99  __TI_decompress_none           
00000aa7  ResetISR                       
00000ab3  ADCIntClear                    
00000abd  SysCtlDelay                    
00000ac3  __TI_decompress_rle24          
00000ac9  _system_pre_init               
00000ae8  __TI_Handler_Table_Base        
00000af0  __TI_CINIT_Base                
00000af0  __TI_Handler_Table_Limit       
00000af8  __TI_CINIT_Limit               
20000000  __stack                        
20000200  __STACK_END                    
20000200  __STACK_TOP                    
20000200  __TI_cleanup_ptr               
20000204  __TI_dtors_ptr                 
20000208  __TI_enable_exit_profile_output
2000020c  _lock                          
20000210  _unlock                        
20000214  main_func_sp                   
ffffffff  __TI_pprof_out_hndl            
ffffffff  __TI_prof_data_size            
ffffffff  __TI_prof_data_start           
ffffffff  __binit__                      
ffffffff  __c_args__                     
ffffffff  binit                          
UNDEFED   SHT$$INIT_ARRAY$$Base          
UNDEFED   SHT$$INIT_ARRAY$$Limit         

[67 symbols]
