******************************************************************************
                  TI ARM Linker PC v15.12.3                    
******************************************************************************
>> Linked Thu Nov 10 16:44:12 2016

OUTPUT FILE NAME:   <Blinky.out>
ENTRY POINT SYMBOL: "_c_int00"  address: 00000681


MEMORY CONFIGURATION

         name            origin    length      used     unused   attr    fill
----------------------  --------  ---------  --------  --------  ----  --------
  FLASH                 00000000   00100000  000008a8  000ff758  R  X
  SRAM                  20000000   00040000  00000218  0003fde8  RW X


SEGMENT ALLOCATION MAP

run origin  load origin   length   init length attrs members
----------  ----------- ---------- ----------- ----- -------
00000000    00000000    000008a8   000008a8    r-x
  00000000    00000000    00000208   00000208    r-- .intvecs
  00000208    00000208    00000678   00000678    r-x .text
  00000880    00000880    00000028   00000028    r-- .cinit
20000000    20000000    00000218   00000000    rw-
  20000000    20000000    00000200   00000000    rw- .stack
  20000200    20000200    00000018   00000000    rw- .data


SECTION ALLOCATION MAP

 output                                  attributes/
section   page    origin      length       input sections
--------  ----  ----------  ----------   ----------------
.intvecs   0    00000000    00000208     
                  00000000    00000208     tm4c1294ncpdt_startup_ccs.obj (.intvecs)

.text      0    00000208    00000678     
                  00000208    00000132     driverlib.lib : gpio.obj (.text:GPIOPadConfigSet)
                  0000033a    00000002     rtsv7M4_T_le_v4SPD16_eabi.lib : mpu_init.obj (.text)
                  0000033c    000000f4     driverlib.lib : sysctl.obj (.text:SysCtlClockSet)
                  00000430    0000009c     rtsv7M4_T_le_v4SPD16_eabi.lib : memcpy_t2.obj (.text)
                  000004cc    0000007a                                   : memset_t2.obj (.text)
                  00000546    00000002                                   : startup.obj (.text)
                  00000548    00000070                                   : autoinit.obj (.text)
                  000005b8    0000006a                                   : copy_decompress_rle.obj (.text)
                  00000622    00000002     --HOLE-- [fill = 0]
                  00000624    0000005c     main.obj (.text)
                  00000680    00000054     rtsv7M4_T_le_v4SPD16_eabi.lib : boot.obj (.text)
                  000006d4    00000054                                   : exit.obj (.text)
                  00000728    0000004c                                   : cpy_tbl.obj (.text)
                  00000774    00000038     driverlib.lib : sysctl.obj (.text:SysCtlPeripheralReady)
                  000007ac    00000034                   : sysctl.obj (.text:SysCtlPeripheralEnable)
                  000007e0    0000002a                   : gpio.obj (.text:GPIODirModeSet)
                  0000080a    00000018                   : gpio.obj (.text:GPIOPinTypeGPIOOutput)
                  00000822    00000002     --HOLE-- [fill = 0]
                  00000824    00000018     rtsv7M4_T_le_v4SPD16_eabi.lib : args_main.obj (.text)
                  0000083c    00000014                                   : _lock.obj (.text)
                  00000850    0000000e                                   : copy_decompress_none.obj (.text:decompress:none)
                  0000085e    0000000c     tm4c1294ncpdt_startup_ccs.obj (.text)
                  0000086a    00000006     driverlib.lib : gpio.obj (.text:GPIOPinWrite)
                  00000870    00000006                   : sysctl.obj (.text:SysCtlDelay)
                  00000876    00000006     rtsv7M4_T_le_v4SPD16_eabi.lib : copy_decompress_rle.obj (.text:decompress:rle24)
                  0000087c    00000004                                   : pre_init.obj (.text)

.cinit     0    00000880    00000028     
                  00000880    00000016     (.cinit..data.load) [load image, compression = rle]
                  00000896    00000002     --HOLE-- [fill = 0]
                  00000898    00000008     (__TI_handler_table)
                  000008a0    00000008     (__TI_cinit_table)

.init_array 
*          0    00000000    00000000     UNINITIALIZED

.stack     0    20000000    00000200     UNINITIALIZED
                  20000000    00000200     --HOLE--

.data      0    20000200    00000018     UNINITIALIZED
                  20000200    0000000c     rtsv7M4_T_le_v4SPD16_eabi.lib : exit.obj (.data:$O1$$)
                  2000020c    00000008                                   : _lock.obj (.data:$O1$$)
                  20000214    00000004                                   : stkdepth_vars.obj (.data)

MODULE SUMMARY

       Module                          code   ro data   rw data
       ------                          ----   -------   -------
    .\
       tm4c1294ncpdt_startup_ccs.obj   12     520       0      
       main.obj                        92     0         0      
    +--+-------------------------------+------+---------+---------+
       Total:                          104    520       0      
                                                               
    C:/ti/TivaWare_C_Series-2.1.3.156/driverlib/ccs/Debug/driverlib.lib
       gpio.obj                        378    0         0      
       sysctl.obj                      358    0         0      
    +--+-------------------------------+------+---------+---------+
       Total:                          736    0         0      
                                                               
    C:\ti\ccsv6\tools\compiler\arm_15.12.3.LTS\lib\rtsv7M4_T_le_v4SPD16_eabi.lib
       memcpy_t2.obj                   156    0         0      
       memset_t2.obj                   122    0         0      
       autoinit.obj                    112    0         0      
       copy_decompress_rle.obj         112    0         0      
       exit.obj                        84     0         12     
       boot.obj                        84     0         0      
       cpy_tbl.obj                     76     0         0      
       _lock.obj                       20     0         8      
       args_main.obj                   24     0         0      
       copy_decompress_none.obj        14     0         0      
       pre_init.obj                    4      0         0      
       stkdepth_vars.obj               0      0         4      
       mpu_init.obj                    2      0         0      
       startup.obj                     2      0         0      
    +--+-------------------------------+------+---------+---------+
       Total:                          812    0         24     
                                                               
       Stack:                          0      0         512    
       Linker Generated:               0      38        0      
    +--+-------------------------------+------+---------+---------+
       Grand Total:                    1652   558       536    


LINKER GENERATED COPY TABLES

__TI_cinit_table @ 000008a0 records: 1, size/record: 8, table size: 8
	.data: load addr=00000880, load size=00000016 bytes, run addr=20000200, run size=00000018 bytes, compression=rle


LINKER GENERATED HANDLER TABLE

__TI_handler_table @ 00000898 records: 2, size/record: 4, table size: 8
	index: 0, handler: __TI_decompress_rle24
	index: 1, handler: __TI_decompress_none


GLOBAL SYMBOLS: SORTED ALPHABETICALLY BY Name 

address   name                           
-------   ----                           
000006d5  C$$EXIT                        
000007e1  GPIODirModeSet                 
00000209  GPIOPadConfigSet               
0000080b  GPIOPinTypeGPIOOutput          
0000086b  GPIOPinWrite                   
0000085f  ResetISR                       
UNDEFED   SHT$$INIT_ARRAY$$Base          
UNDEFED   SHT$$INIT_ARRAY$$Limit         
0000033d  SysCtlClockSet                 
00000871  SysCtlDelay                    
000007ad  SysCtlPeripheralEnable         
00000775  SysCtlPeripheralReady          
20000200  __STACK_END                    
00000200  __STACK_SIZE                   
20000200  __STACK_TOP                    
000008a0  __TI_CINIT_Base                
000008a8  __TI_CINIT_Limit               
00000898  __TI_Handler_Table_Base        
000008a0  __TI_Handler_Table_Limit       
00000549  __TI_auto_init                 
20000200  __TI_cleanup_ptr               
00000851  __TI_decompress_none           
00000877  __TI_decompress_rle24          
20000204  __TI_dtors_ptr                 
20000208  __TI_enable_exit_profile_output
ffffffff  __TI_pprof_out_hndl            
ffffffff  __TI_prof_data_size            
ffffffff  __TI_prof_data_start           
00000000  __TI_static_base__             
000004cd  __aeabi_memclr                 
000004cd  __aeabi_memclr4                
000004cd  __aeabi_memclr8                
00000431  __aeabi_memcpy                 
00000431  __aeabi_memcpy4                
00000431  __aeabi_memcpy8                
000004cf  __aeabi_memset                 
000004cf  __aeabi_memset4                
000004cf  __aeabi_memset8                
ffffffff  __binit__                      
ffffffff  __c_args__                     
0000033b  __mpu_init                     
20000000  __stack                        
00000825  _args_main                     
00000681  _c_int00                       
2000020c  _lock                          
0000084b  _nop                           
00000843  _register_lock                 
0000083d  _register_unlock               
00000547  _system_post_cinit             
0000087d  _system_pre_init               
20000210  _unlock                        
000006d9  abort                          
ffffffff  binit                          
00000729  copy_in                        
000006e1  exit                           
00000000  g_pfnVectors                   
0000064d  initializeGPIO                 
00000625  main                           
20000214  main_func_sp                   
00000431  memcpy                         
000004d5  memset                         


GLOBAL SYMBOLS: SORTED BY Symbol Address 

address   name                           
-------   ----                           
00000000  __TI_static_base__             
00000000  g_pfnVectors                   
00000200  __STACK_SIZE                   
00000209  GPIOPadConfigSet               
0000033b  __mpu_init                     
0000033d  SysCtlClockSet                 
00000431  __aeabi_memcpy                 
00000431  __aeabi_memcpy4                
00000431  __aeabi_memcpy8                
00000431  memcpy                         
000004cd  __aeabi_memclr                 
000004cd  __aeabi_memclr4                
000004cd  __aeabi_memclr8                
000004cf  __aeabi_memset                 
000004cf  __aeabi_memset4                
000004cf  __aeabi_memset8                
000004d5  memset                         
00000547  _system_post_cinit             
00000549  __TI_auto_init                 
00000625  main                           
0000064d  initializeGPIO                 
00000681  _c_int00                       
000006d5  C$$EXIT                        
000006d9  abort                          
000006e1  exit                           
00000729  copy_in                        
00000775  SysCtlPeripheralReady          
000007ad  SysCtlPeripheralEnable         
000007e1  GPIODirModeSet                 
0000080b  GPIOPinTypeGPIOOutput          
00000825  _args_main                     
0000083d  _register_unlock               
00000843  _register_lock                 
0000084b  _nop                           
00000851  __TI_decompress_none           
0000085f  ResetISR                       
0000086b  GPIOPinWrite                   
00000871  SysCtlDelay                    
00000877  __TI_decompress_rle24          
0000087d  _system_pre_init               
00000898  __TI_Handler_Table_Base        
000008a0  __TI_CINIT_Base                
000008a0  __TI_Handler_Table_Limit       
000008a8  __TI_CINIT_Limit               
20000000  __stack                        
20000200  __STACK_END                    
20000200  __STACK_TOP                    
20000200  __TI_cleanup_ptr               
20000204  __TI_dtors_ptr                 
20000208  __TI_enable_exit_profile_output
2000020c  _lock                          
20000210  _unlock                        
20000214  main_func_sp                   
ffffffff  __TI_pprof_out_hndl            
ffffffff  __TI_prof_data_size            
ffffffff  __TI_prof_data_start           
ffffffff  __binit__                      
ffffffff  __c_args__                     
ffffffff  binit                          
UNDEFED   SHT$$INIT_ARRAY$$Base          
UNDEFED   SHT$$INIT_ARRAY$$Limit         

[61 symbols]
