******************************************************************************
                  TI ARM Linker PC v15.12.3                    
******************************************************************************
>> Linked Mon Dec 05 12:13:05 2016

OUTPUT FILE NAME:   <Blinky.out>
ENTRY POINT SYMBOL: "_c_int00"  address: 000006a1


MEMORY CONFIGURATION

         name            origin    length      used     unused   attr    fill
----------------------  --------  ---------  --------  --------  ----  --------
  FLASH                 00000000   00100000  000008c8  000ff738  R  X
  SRAM                  20000000   00040000  00000218  0003fde8  RW X


SEGMENT ALLOCATION MAP

run origin  load origin   length   init length attrs members
----------  ----------- ---------- ----------- ----- -------
00000000    00000000    000008c8   000008c8    r-x
  00000000    00000000    00000208   00000208    r-- .intvecs
  00000208    00000208    00000698   00000698    r-x .text
  000008a0    000008a0    00000028   00000028    r-- .cinit
20000000    20000000    00000218   00000000    rw-
  20000000    20000000    00000200   00000000    rw- .stack
  20000200    20000200    00000018   00000000    rw- .data


SECTION ALLOCATION MAP

 output                                  attributes/
section   page    origin      length       input sections
--------  ----  ----------  ----------   ----------------
.intvecs   0    00000000    00000208     
                  00000000    00000208     tm4c1294ncpdt_startup_ccs.obj (.intvecs)

.text      0    00000208    00000698     
                  00000208    00000132     driverlib.lib : gpio.obj (.text:GPIOPadConfigSet)
                  0000033a    00000002     rtsv7M4_T_le_v4SPD16_eabi.lib : mpu_init.obj (.text)
                  0000033c    000000f4     driverlib.lib : sysctl.obj (.text:SysCtlClockSet)
                  00000430    0000009c     rtsv7M4_T_le_v4SPD16_eabi.lib : memcpy_t2.obj (.text)
                  000004cc    0000007c     main.obj (.text)
                  00000548    0000007a     rtsv7M4_T_le_v4SPD16_eabi.lib : memset_t2.obj (.text)
                  000005c2    00000002                                   : startup.obj (.text)
                  000005c4    00000070                                   : autoinit.obj (.text)
                  00000634    0000006a                                   : copy_decompress_rle.obj (.text)
                  0000069e    00000002     --HOLE-- [fill = 0]
                  000006a0    00000054                                   : boot.obj (.text)
                  000006f4    00000054                                   : exit.obj (.text)
                  00000748    0000004c                                   : cpy_tbl.obj (.text)
                  00000794    00000038     driverlib.lib : sysctl.obj (.text:SysCtlPeripheralReady)
                  000007cc    00000034                   : sysctl.obj (.text:SysCtlPeripheralEnable)
                  00000800    0000002a                   : gpio.obj (.text:GPIODirModeSet)
                  0000082a    00000018                   : gpio.obj (.text:GPIOPinTypeGPIOOutput)
                  00000842    00000002     --HOLE-- [fill = 0]
                  00000844    00000018     rtsv7M4_T_le_v4SPD16_eabi.lib : args_main.obj (.text)
                  0000085c    00000014                                   : _lock.obj (.text)
                  00000870    0000000e                                   : copy_decompress_none.obj (.text:decompress:none)
                  0000087e    0000000c     tm4c1294ncpdt_startup_ccs.obj (.text)
                  0000088a    00000006     driverlib.lib : gpio.obj (.text:GPIOPinWrite)
                  00000890    00000006                   : sysctl.obj (.text:SysCtlDelay)
                  00000896    00000006     rtsv7M4_T_le_v4SPD16_eabi.lib : copy_decompress_rle.obj (.text:decompress:rle24)
                  0000089c    00000004                                   : pre_init.obj (.text)

.cinit     0    000008a0    00000028     
                  000008a0    00000016     (.cinit..data.load) [load image, compression = rle]
                  000008b6    00000002     --HOLE-- [fill = 0]
                  000008b8    00000008     (__TI_handler_table)
                  000008c0    00000008     (__TI_cinit_table)

.init_array 
*          0    00000000    00000000     UNINITIALIZED

.stack     0    20000000    00000200     UNINITIALIZED
                  20000000    00000200     --HOLE--

.data      0    20000200    00000018     UNINITIALIZED
                  20000200    0000000c     rtsv7M4_T_le_v4SPD16_eabi.lib : exit.obj (.data:$O1$$)
                  2000020c    00000008                                   : _lock.obj (.data:$O1$$)
                  20000214    00000004                                   : stkdepth_vars.obj (.data)

MODULE SUMMARY

       Module                          code   ro data   rw data
       ------                          ----   -------   -------
    .\
       tm4c1294ncpdt_startup_ccs.obj   12     520       0      
       main.obj                        124    0         0      
    +--+-------------------------------+------+---------+---------+
       Total:                          136    520       0      
                                                               
    C:/ti/TivaWare_C_Series-2.1.3.156/driverlib/ccs/Debug/driverlib.lib
       gpio.obj                        378    0         0      
       sysctl.obj                      358    0         0      
    +--+-------------------------------+------+---------+---------+
       Total:                          736    0         0      
                                                               
    C:\ti\ccsv6\tools\compiler\arm_15.12.3.LTS\lib\rtsv7M4_T_le_v4SPD16_eabi.lib
       memcpy_t2.obj                   156    0         0      
       memset_t2.obj                   122    0         0      
       autoinit.obj                    112    0         0      
       copy_decompress_rle.obj         112    0         0      
       exit.obj                        84     0         12     
       boot.obj                        84     0         0      
       cpy_tbl.obj                     76     0         0      
       _lock.obj                       20     0         8      
       args_main.obj                   24     0         0      
       copy_decompress_none.obj        14     0         0      
       pre_init.obj                    4      0         0      
       stkdepth_vars.obj               0      0         4      
       mpu_init.obj                    2      0         0      
       startup.obj                     2      0         0      
    +--+-------------------------------+------+---------+---------+
       Total:                          812    0         24     
                                                               
       Stack:                          0      0         512    
       Linker Generated:               0      38        0      
    +--+-------------------------------+------+---------+---------+
       Grand Total:                    1684   558       536    


LINKER GENERATED COPY TABLES

__TI_cinit_table @ 000008c0 records: 1, size/record: 8, table size: 8
	.data: load addr=000008a0, load size=00000016 bytes, run addr=20000200, run size=00000018 bytes, compression=rle


LINKER GENERATED HANDLER TABLE

__TI_handler_table @ 000008b8 records: 2, size/record: 4, table size: 8
	index: 0, handler: __TI_decompress_rle24
	index: 1, handler: __TI_decompress_none


GLOBAL SYMBOLS: SORTED ALPHABETICALLY BY Name 

address   name                           
-------   ----                           
000006f5  C$$EXIT                        
00000801  GPIODirModeSet                 
00000209  GPIOPadConfigSet               
0000082b  GPIOPinTypeGPIOOutput          
0000088b  GPIOPinWrite                   
0000087f  ResetISR                       
UNDEFED   SHT$$INIT_ARRAY$$Base          
UNDEFED   SHT$$INIT_ARRAY$$Limit         
0000033d  SysCtlClockSet                 
00000891  SysCtlDelay                    
000007cd  SysCtlPeripheralEnable         
00000795  SysCtlPeripheralReady          
20000200  __STACK_END                    
00000200  __STACK_SIZE                   
20000200  __STACK_TOP                    
000008c0  __TI_CINIT_Base                
000008c8  __TI_CINIT_Limit               
000008b8  __TI_Handler_Table_Base        
000008c0  __TI_Handler_Table_Limit       
000005c5  __TI_auto_init                 
20000200  __TI_cleanup_ptr               
00000871  __TI_decompress_none           
00000897  __TI_decompress_rle24          
20000204  __TI_dtors_ptr                 
20000208  __TI_enable_exit_profile_output
ffffffff  __TI_pprof_out_hndl            
ffffffff  __TI_prof_data_size            
ffffffff  __TI_prof_data_start           
00000000  __TI_static_base__             
00000549  __aeabi_memclr                 
00000549  __aeabi_memclr4                
00000549  __aeabi_memclr8                
00000431  __aeabi_memcpy                 
00000431  __aeabi_memcpy4                
00000431  __aeabi_memcpy8                
0000054b  __aeabi_memset                 
0000054b  __aeabi_memset4                
0000054b  __aeabi_memset8                
ffffffff  __binit__                      
ffffffff  __c_args__                     
0000033b  __mpu_init                     
20000000  __stack                        
00000845  _args_main                     
000006a1  _c_int00                       
2000020c  _lock                          
0000086b  _nop                           
00000863  _register_lock                 
0000085d  _register_unlock               
000005c3  _system_post_cinit             
0000089d  _system_pre_init               
20000210  _unlock                        
000006f9  abort                          
ffffffff  binit                          
00000749  copy_in                        
00000701  exit                           
00000000  g_pfnVectors                   
000004ff  initializeGPIO                 
000004cd  main                           
20000214  main_func_sp                   
00000431  memcpy                         
00000551  memset                         


GLOBAL SYMBOLS: SORTED BY Symbol Address 

address   name                           
-------   ----                           
00000000  __TI_static_base__             
00000000  g_pfnVectors                   
00000200  __STACK_SIZE                   
00000209  GPIOPadConfigSet               
0000033b  __mpu_init                     
0000033d  SysCtlClockSet                 
00000431  __aeabi_memcpy                 
00000431  __aeabi_memcpy4                
00000431  __aeabi_memcpy8                
00000431  memcpy                         
000004cd  main                           
000004ff  initializeGPIO                 
00000549  __aeabi_memclr                 
00000549  __aeabi_memclr4                
00000549  __aeabi_memclr8                
0000054b  __aeabi_memset                 
0000054b  __aeabi_memset4                
0000054b  __aeabi_memset8                
00000551  memset                         
000005c3  _system_post_cinit             
000005c5  __TI_auto_init                 
000006a1  _c_int00                       
000006f5  C$$EXIT                        
000006f9  abort                          
00000701  exit                           
00000749  copy_in                        
00000795  SysCtlPeripheralReady          
000007cd  SysCtlPeripheralEnable         
00000801  GPIODirModeSet                 
0000082b  GPIOPinTypeGPIOOutput          
00000845  _args_main                     
0000085d  _register_unlock               
00000863  _register_lock                 
0000086b  _nop                           
00000871  __TI_decompress_none           
0000087f  ResetISR                       
0000088b  GPIOPinWrite                   
00000891  SysCtlDelay                    
00000897  __TI_decompress_rle24          
0000089d  _system_pre_init               
000008b8  __TI_Handler_Table_Base        
000008c0  __TI_CINIT_Base                
000008c0  __TI_Handler_Table_Limit       
000008c8  __TI_CINIT_Limit               
20000000  __stack                        
20000200  __STACK_END                    
20000200  __STACK_TOP                    
20000200  __TI_cleanup_ptr               
20000204  __TI_dtors_ptr                 
20000208  __TI_enable_exit_profile_output
2000020c  _lock                          
20000210  _unlock                        
20000214  main_func_sp                   
ffffffff  __TI_pprof_out_hndl            
ffffffff  __TI_prof_data_size            
ffffffff  __TI_prof_data_start           
ffffffff  __binit__                      
ffffffff  __c_args__                     
ffffffff  binit                          
UNDEFED   SHT$$INIT_ARRAY$$Base          
UNDEFED   SHT$$INIT_ARRAY$$Limit         

[61 symbols]
