******************************************************************************
                  TI ARM Linker PC v15.12.3                    
******************************************************************************
>> Linked Thu Nov 10 17:41:04 2016

OUTPUT FILE NAME:   <BlinkLED_timer.out>
ENTRY POINT SYMBOL: "_c_int00"  address: 000008cd


MEMORY CONFIGURATION

         name            origin    length      used     unused   attr    fill
----------------------  --------  ---------  --------  --------  ----  --------
  FLASH                 00000000   00100000  00000c1e  000ff3e2  R  X
  SRAM                  20000000   00040000  00000218  0003fde8  RW X


SEGMENT ALLOCATION MAP

run origin  load origin   length   init length attrs members
----------  ----------- ---------- ----------- ----- -------
00000000    00000000    00000c20   00000c20    r-x
  00000000    00000000    00000208   00000208    r-- .intvecs
  00000208    00000208    00000912   00000912    r-x .text
  00000b1c    00000b1c    000000dc   000000dc    r-- .const
  00000bf8    00000bf8    00000028   00000028    r-- .cinit
20000000    20000000    00000218   00000000    rw-
  20000000    20000000    00000200   00000000    rw- .stack
  20000200    20000200    00000018   00000000    rw- .data


SECTION ALLOCATION MAP

 output                                  attributes/
section   page    origin      length       input sections
--------  ----  ----------  ----------   ----------------
.intvecs   0    00000000    00000208     
                  00000000    00000208     tm4c1294ncpdt_startup_ccs.obj (.intvecs)

.text      0    00000208    00000912     
                  00000208    00000132     driverlib.lib : gpio.obj (.text:GPIOPadConfigSet)
                  0000033a    00000002     rtsv7M4_T_le_v4SPD16_eabi.lib : mpu_init.obj (.text)
                  0000033c    00000110     driverlib.lib : sysctl.obj (.text:SysCtlClockGet)
                  0000044c    000000f4                   : sysctl.obj (.text:SysCtlClockSet)
                  00000540    000000d0     main.obj (.text)
                  00000610    0000009c     rtsv7M4_T_le_v4SPD16_eabi.lib : memcpy_t2.obj (.text)
                  000006ac    0000007a                                   : memset_t2.obj (.text)
                  00000726    00000002                                   : startup.obj (.text)
                  00000728    00000070                                   : autoinit.obj (.text)
                  00000798    0000006a                                   : copy_decompress_rle.obj (.text)
                  00000802    00000002     --HOLE-- [fill = 0]
                  00000804    00000068     driverlib.lib : interrupt.obj (.text:IntEnable)
                  0000086c    00000060                   : timer.obj (.text:TimerConfigure)
                  000008cc    00000054     rtsv7M4_T_le_v4SPD16_eabi.lib : boot.obj (.text)
                  00000920    00000054                                   : exit.obj (.text)
                  00000974    0000004c                                   : cpy_tbl.obj (.text)
                  000009c0    00000038     driverlib.lib : sysctl.obj (.text:SysCtlPeripheralReady)
                  000009f8    00000034                   : sysctl.obj (.text:SysCtlPeripheralEnable)
                  00000a2c    0000002a                   : gpio.obj (.text:GPIODirModeSet)
                  00000a56    00000018                   : gpio.obj (.text:GPIOPinTypeGPIOOutput)
                  00000a6e    00000002     --HOLE-- [fill = 0]
                  00000a70    00000018     rtsv7M4_T_le_v4SPD16_eabi.lib : args_main.obj (.text)
                  00000a88    00000014                                   : _lock.obj (.text)
                  00000a9c    00000012     driverlib.lib : timer.obj (.text:TimerLoadSet)
                  00000aae    00000010                   : interrupt.obj (.text:IntMasterEnable)
                  00000abe    0000000e                   : timer.obj (.text:TimerEnable)
                  00000acc    0000000e     rtsv7M4_T_le_v4SPD16_eabi.lib : copy_decompress_none.obj (.text:decompress:none)
                  00000ada    0000000c     driverlib.lib : cpu.obj (.text:CPUcpsie)
                  00000ae6    0000000c     tm4c1294ncpdt_startup_ccs.obj (.text)
                  00000af2    00000008     driverlib.lib : timer.obj (.text:TimerIntEnable)
                  00000afa    00000006                   : gpio.obj (.text:GPIOPinRead)
                  00000b00    00000006                   : gpio.obj (.text:GPIOPinWrite)
                  00000b06    00000006                   : sysctl.obj (.text:SysCtlDelay)
                  00000b0c    00000006     rtsv7M4_T_le_v4SPD16_eabi.lib : copy_decompress_rle.obj (.text:decompress:rle24)
                  00000b12    00000004     driverlib.lib : timer.obj (.text:TimerIntClear)
                  00000b16    00000004     rtsv7M4_T_le_v4SPD16_eabi.lib : pre_init.obj (.text)

.const     0    00000b1c    000000dc     
                  00000b1c    00000070     driverlib.lib : interrupt.obj (.const)
                  00000b8c    0000006c                   : sysctl.obj (.const:g_pui32Xtals)

.cinit     0    00000bf8    00000028     
                  00000bf8    00000016     (.cinit..data.load) [load image, compression = rle]
                  00000c0e    00000002     --HOLE-- [fill = 0]
                  00000c10    00000008     (__TI_handler_table)
                  00000c18    00000008     (__TI_cinit_table)

.init_array 
*          0    00000000    00000000     UNINITIALIZED

.stack     0    20000000    00000200     UNINITIALIZED
                  20000000    00000200     --HOLE--

.data      0    20000200    00000018     UNINITIALIZED
                  20000200    0000000c     rtsv7M4_T_le_v4SPD16_eabi.lib : exit.obj (.data:$O1$$)
                  2000020c    00000008                                   : _lock.obj (.data:$O1$$)
                  20000214    00000004                                   : stkdepth_vars.obj (.data)

MODULE SUMMARY

       Module                          code   ro data   rw data
       ------                          ----   -------   -------
    .\
       tm4c1294ncpdt_startup_ccs.obj   12     520       0      
       main.obj                        208    0         0      
    +--+-------------------------------+------+---------+---------+
       Total:                          220    520       0      
                                                               
    C:/ti/TivaWare_C_Series-2.1.3.156/driverlib/ccs/Debug/driverlib.lib
       sysctl.obj                      630    108       0      
       gpio.obj                        384    0         0      
       interrupt.obj                   120    112       0      
       timer.obj                       140    0         0      
       cpu.obj                         12     0         0      
    +--+-------------------------------+------+---------+---------+
       Total:                          1286   220       0      
                                                               
    C:\ti\ccsv6\tools\compiler\arm_15.12.3.LTS\lib\rtsv7M4_T_le_v4SPD16_eabi.lib
       memcpy_t2.obj                   156    0         0      
       memset_t2.obj                   122    0         0      
       autoinit.obj                    112    0         0      
       copy_decompress_rle.obj         112    0         0      
       exit.obj                        84     0         12     
       boot.obj                        84     0         0      
       cpy_tbl.obj                     76     0         0      
       _lock.obj                       20     0         8      
       args_main.obj                   24     0         0      
       copy_decompress_none.obj        14     0         0      
       pre_init.obj                    4      0         0      
       stkdepth_vars.obj               0      0         4      
       mpu_init.obj                    2      0         0      
       startup.obj                     2      0         0      
    +--+-------------------------------+------+---------+---------+
       Total:                          812    0         24     
                                                               
       Stack:                          0      0         512    
       Linker Generated:               0      38        0      
    +--+-------------------------------+------+---------+---------+
       Grand Total:                    2318   778       536    


LINKER GENERATED COPY TABLES

__TI_cinit_table @ 00000c18 records: 1, size/record: 8, table size: 8
	.data: load addr=00000bf8, load size=00000016 bytes, run addr=20000200, run size=00000018 bytes, compression=rle


LINKER GENERATED HANDLER TABLE

__TI_handler_table @ 00000c10 records: 2, size/record: 4, table size: 8
	index: 0, handler: __TI_decompress_rle24
	index: 1, handler: __TI_decompress_none


GLOBAL SYMBOLS: SORTED ALPHABETICALLY BY Name 

address   name                           
-------   ----                           
00000921  C$$EXIT                        
00000adb  CPUcpsie                       
00000a2d  GPIODirModeSet                 
00000209  GPIOPadConfigSet               
00000afb  GPIOPinRead                    
00000a57  GPIOPinTypeGPIOOutput          
00000b01  GPIOPinWrite                   
00000805  IntEnable                      
00000aaf  IntMasterEnable                
00000ae7  ResetISR                       
UNDEFED   SHT$$INIT_ARRAY$$Base          
UNDEFED   SHT$$INIT_ARRAY$$Limit         
0000033d  SysCtlClockGet                 
0000044d  SysCtlClockSet                 
00000b07  SysCtlDelay                    
000009f9  SysCtlPeripheralEnable         
000009c1  SysCtlPeripheralReady          
000005cb  Timer1IntHandler               
0000086d  TimerConfigure                 
00000abf  TimerEnable                    
00000b13  TimerIntClear                  
00000af3  TimerIntEnable                 
00000a9d  TimerLoadSet                   
20000200  __STACK_END                    
00000200  __STACK_SIZE                   
20000200  __STACK_TOP                    
00000c18  __TI_CINIT_Base                
00000c20  __TI_CINIT_Limit               
00000c10  __TI_Handler_Table_Base        
00000c18  __TI_Handler_Table_Limit       
00000729  __TI_auto_init                 
20000200  __TI_cleanup_ptr               
00000acd  __TI_decompress_none           
00000b0d  __TI_decompress_rle24          
20000204  __TI_dtors_ptr                 
20000208  __TI_enable_exit_profile_output
ffffffff  __TI_pprof_out_hndl            
ffffffff  __TI_prof_data_size            
ffffffff  __TI_prof_data_start           
00000000  __TI_static_base__             
000006ad  __aeabi_memclr                 
000006ad  __aeabi_memclr4                
000006ad  __aeabi_memclr8                
00000611  __aeabi_memcpy                 
00000611  __aeabi_memcpy4                
00000611  __aeabi_memcpy8                
000006af  __aeabi_memset                 
000006af  __aeabi_memset4                
000006af  __aeabi_memset8                
ffffffff  __binit__                      
ffffffff  __c_args__                     
0000033b  __mpu_init                     
20000000  __stack                        
00000a71  _args_main                     
000008cd  _c_int00                       
2000020c  _lock                          
00000a97  _nop                           
00000a8f  _register_lock                 
00000a89  _register_unlock               
00000727  _system_post_cinit             
00000b17  _system_pre_init               
20000210  _unlock                        
00000925  abort                          
ffffffff  binit                          
00000589  configureTimer                 
00000975  copy_in                        
0000092d  exit                           
00000000  g_pfnVectors                   
00000565  initializeLED                  
00000541  main                           
20000214  main_func_sp                   
00000611  memcpy                         
000006b5  memset                         
0000055b  setupClock                     


GLOBAL SYMBOLS: SORTED BY Symbol Address 

address   name                           
-------   ----                           
00000000  __TI_static_base__             
00000000  g_pfnVectors                   
00000200  __STACK_SIZE                   
00000209  GPIOPadConfigSet               
0000033b  __mpu_init                     
0000033d  SysCtlClockGet                 
0000044d  SysCtlClockSet                 
00000541  main                           
0000055b  setupClock                     
00000565  initializeLED                  
00000589  configureTimer                 
000005cb  Timer1IntHandler               
00000611  __aeabi_memcpy                 
00000611  __aeabi_memcpy4                
00000611  __aeabi_memcpy8                
00000611  memcpy                         
000006ad  __aeabi_memclr                 
000006ad  __aeabi_memclr4                
000006ad  __aeabi_memclr8                
000006af  __aeabi_memset                 
000006af  __aeabi_memset4                
000006af  __aeabi_memset8                
000006b5  memset                         
00000727  _system_post_cinit             
00000729  __TI_auto_init                 
00000805  IntEnable                      
0000086d  TimerConfigure                 
000008cd  _c_int00                       
00000921  C$$EXIT                        
00000925  abort                          
0000092d  exit                           
00000975  copy_in                        
000009c1  SysCtlPeripheralReady          
000009f9  SysCtlPeripheralEnable         
00000a2d  GPIODirModeSet                 
00000a57  GPIOPinTypeGPIOOutput          
00000a71  _args_main                     
00000a89  _register_unlock               
00000a8f  _register_lock                 
00000a97  _nop                           
00000a9d  TimerLoadSet                   
00000aaf  IntMasterEnable                
00000abf  TimerEnable                    
00000acd  __TI_decompress_none           
00000adb  CPUcpsie                       
00000ae7  ResetISR                       
00000af3  TimerIntEnable                 
00000afb  GPIOPinRead                    
00000b01  GPIOPinWrite                   
00000b07  SysCtlDelay                    
00000b0d  __TI_decompress_rle24          
00000b13  TimerIntClear                  
00000b17  _system_pre_init               
00000c10  __TI_Handler_Table_Base        
00000c18  __TI_CINIT_Base                
00000c18  __TI_Handler_Table_Limit       
00000c20  __TI_CINIT_Limit               
20000000  __stack                        
20000200  __STACK_END                    
20000200  __STACK_TOP                    
20000200  __TI_cleanup_ptr               
20000204  __TI_dtors_ptr                 
20000208  __TI_enable_exit_profile_output
2000020c  _lock                          
20000210  _unlock                        
20000214  main_func_sp                   
ffffffff  __TI_pprof_out_hndl            
ffffffff  __TI_prof_data_size            
ffffffff  __TI_prof_data_start           
ffffffff  __binit__                      
ffffffff  __c_args__                     
ffffffff  binit                          
UNDEFED   SHT$$INIT_ARRAY$$Base          
UNDEFED   SHT$$INIT_ARRAY$$Limit         

[74 symbols]
