******************************************************************************
                  TI ARM Linker PC v15.12.1                    
******************************************************************************
>> Linked Mon Nov 14 11:52:33 2016

OUTPUT FILE NAME:   <timerInterruptBlinky.out>
ENTRY POINT SYMBOL: "_c_int00"  address: 000008f9


MEMORY CONFIGURATION

         name            origin    length      used     unused   attr    fill
----------------------  --------  ---------  --------  --------  ----  --------
  FLASH                 00000000   00040000  00000c12  0003f3ee  R  X
  SRAM                  20000000   00008000  00000218  00007de8  RW X


SEGMENT ALLOCATION MAP

run origin  load origin   length   init length attrs members
----------  ----------- ---------- ----------- ----- -------
00000000    00000000    00000c18   00000c18    r-x
  00000000    00000000    0000026c   0000026c    r-- .intvecs
  0000026c    0000026c    000008a2   000008a2    r-x .text
  00000b10    00000b10    000000dc   000000dc    r-- .const
  00000bf0    00000bf0    00000028   00000028    r-- .cinit
20000000    20000000    00000218   00000000    rw-
  20000000    20000000    00000200   00000000    rw- .stack
  20000200    20000200    00000018   00000000    rw- .data


SECTION ALLOCATION MAP

 output                                  attributes/
section   page    origin      length       input sections
--------  ----  ----------  ----------   ----------------
.intvecs   0    00000000    0000026c     
                  00000000    0000026c     tm4c123gh6pm_startup_ccs.obj (.intvecs)

.text      0    0000026c    000008a2     
                  0000026c    00000132     driverlib.lib : gpio.obj (.text:GPIOPadConfigSet)
                  0000039e    00000002     rtsv7M4_T_le_v4SPD16_eabi.lib : mpu_init.obj (.text)
                  000003a0    00000110     driverlib.lib : sysctl.obj (.text:SysCtlClockGet)
                  000004b0    000000f4                   : sysctl.obj (.text:SysCtlClockSet)
                  000005a4    0000009c     rtsv7M4_T_le_v4SPD16_eabi.lib : memcpy_t2.obj (.text)
                  00000640    00000098     main.obj (.text)
                  000006d8    0000007a     rtsv7M4_T_le_v4SPD16_eabi.lib : memset_t2.obj (.text)
                  00000752    00000002                                   : startup.obj (.text)
                  00000754    00000070                                   : autoinit.obj (.text)
                  000007c4    0000006a                                   : copy_decompress_rle.obj (.text)
                  0000082e    00000002     --HOLE-- [fill = 0]
                  00000830    00000068     driverlib.lib : interrupt.obj (.text:IntEnable)
                  00000898    00000060                   : timer.obj (.text:TimerConfigure)
                  000008f8    00000054     rtsv7M4_T_le_v4SPD16_eabi.lib : boot.obj (.text)
                  0000094c    00000054                                   : exit.obj (.text)
                  000009a0    0000004c                                   : cpy_tbl.obj (.text)
                  000009ec    00000034     driverlib.lib : sysctl.obj (.text:SysCtlPeripheralEnable)
                  00000a20    0000002a                   : gpio.obj (.text:GPIODirModeSet)
                  00000a4a    00000018                   : gpio.obj (.text:GPIOPinTypeGPIOOutput)
                  00000a62    00000002     --HOLE-- [fill = 0]
                  00000a64    00000018     rtsv7M4_T_le_v4SPD16_eabi.lib : args_main.obj (.text)
                  00000a7c    00000014                                   : _lock.obj (.text)
                  00000a90    00000012     driverlib.lib : timer.obj (.text:TimerLoadSet)
                  00000aa2    00000010                   : interrupt.obj (.text:IntMasterEnable)
                  00000ab2    0000000e                   : timer.obj (.text:TimerEnable)
                  00000ac0    0000000e     rtsv7M4_T_le_v4SPD16_eabi.lib : copy_decompress_none.obj (.text:decompress:none)
                  00000ace    0000000c     driverlib.lib : cpu.obj (.text:CPUcpsie)
                  00000ada    0000000c     tm4c123gh6pm_startup_ccs.obj (.text)
                  00000ae6    00000008     driverlib.lib : timer.obj (.text:TimerIntEnable)
                  00000aee    00000006                   : gpio.obj (.text:GPIOPinRead)
                  00000af4    00000006                   : gpio.obj (.text:GPIOPinWrite)
                  00000afa    00000006                   : sysctl.obj (.text:SysCtlDelay)
                  00000b00    00000006     rtsv7M4_T_le_v4SPD16_eabi.lib : copy_decompress_rle.obj (.text:decompress:rle24)
                  00000b06    00000004     driverlib.lib : timer.obj (.text:TimerIntClear)
                  00000b0a    00000004     rtsv7M4_T_le_v4SPD16_eabi.lib : pre_init.obj (.text)

.const     0    00000b10    000000dc     
                  00000b10    00000070     driverlib.lib : interrupt.obj (.const)
                  00000b80    0000006c                   : sysctl.obj (.const:g_pui32Xtals)

.cinit     0    00000bf0    00000028     
                  00000bf0    00000016     (.cinit..data.load) [load image, compression = rle]
                  00000c06    00000002     --HOLE-- [fill = 0]
                  00000c08    00000008     (__TI_handler_table)
                  00000c10    00000008     (__TI_cinit_table)

.init_array 
*          0    00000000    00000000     UNINITIALIZED

.stack     0    20000000    00000200     UNINITIALIZED
                  20000000    00000200     --HOLE--

.data      0    20000200    00000018     UNINITIALIZED
                  20000200    0000000c     rtsv7M4_T_le_v4SPD16_eabi.lib : exit.obj (.data:$O1$$)
                  2000020c    00000008                                   : _lock.obj (.data:$O1$$)
                  20000214    00000004                                   : stkdepth_vars.obj (.data)

MODULE SUMMARY

       Module                         code   ro data   rw data
       ------                         ----   -------   -------
    .\
       tm4c123gh6pm_startup_ccs.obj   12     620       0      
       main.obj                       152    0         0      
    +--+------------------------------+------+---------+---------+
       Total:                         164    620       0      
                                                              
    C:/ti/TivaWare_C_Series-2.1.3.156/driverlib/ccs/Debug/driverlib.lib
       sysctl.obj                     574    108       0      
       gpio.obj                       384    0         0      
       interrupt.obj                  120    112       0      
       timer.obj                      140    0         0      
       cpu.obj                        12     0         0      
    +--+------------------------------+------+---------+---------+
       Total:                         1230   220       0      
                                                              
    C:\ti\ccsv6\tools\compiler\ti-cgt-arm_15.12.1.LTS\lib\rtsv7M4_T_le_v4SPD16_eabi.lib
       memcpy_t2.obj                  156    0         0      
       memset_t2.obj                  122    0         0      
       autoinit.obj                   112    0         0      
       copy_decompress_rle.obj        112    0         0      
       exit.obj                       84     0         12     
       boot.obj                       84     0         0      
       cpy_tbl.obj                    76     0         0      
       _lock.obj                      20     0         8      
       args_main.obj                  24     0         0      
       copy_decompress_none.obj       14     0         0      
       pre_init.obj                   4      0         0      
       stkdepth_vars.obj              0      0         4      
       mpu_init.obj                   2      0         0      
       startup.obj                    2      0         0      
    +--+------------------------------+------+---------+---------+
       Total:                         812    0         24     
                                                              
       Stack:                         0      0         512    
       Linker Generated:              0      38        0      
    +--+------------------------------+------+---------+---------+
       Grand Total:                   2206   878       536    


LINKER GENERATED COPY TABLES

__TI_cinit_table @ 00000c10 records: 1, size/record: 8, table size: 8
	.data: load addr=00000bf0, load size=00000016 bytes, run addr=20000200, run size=00000018 bytes, compression=rle


LINKER GENERATED HANDLER TABLE

__TI_handler_table @ 00000c08 records: 2, size/record: 4, table size: 8
	index: 0, handler: __TI_decompress_rle24
	index: 1, handler: __TI_decompress_none


GLOBAL SYMBOLS: SORTED ALPHABETICALLY BY Name 

address   name                           
-------   ----                           
0000094d  C$$EXIT                        
00000acf  CPUcpsie                       
00000a21  GPIODirModeSet                 
0000026d  GPIOPadConfigSet               
00000aef  GPIOPinRead                    
00000a4b  GPIOPinTypeGPIOOutput          
00000af5  GPIOPinWrite                   
00000831  IntEnable                      
00000aa3  IntMasterEnable                
00000adb  ResetISR                       
UNDEFED   SHT$$INIT_ARRAY$$Base          
UNDEFED   SHT$$INIT_ARRAY$$Limit         
000003a1  SysCtlClockGet                 
000004b1  SysCtlClockSet                 
00000afb  SysCtlDelay                    
000009ed  SysCtlPeripheralEnable         
00000699  Timer0IntHandler               
00000899  TimerConfigure                 
00000ab3  TimerEnable                    
00000b07  TimerIntClear                  
00000ae7  TimerIntEnable                 
00000a91  TimerLoadSet                   
20000200  __STACK_END                    
00000200  __STACK_SIZE                   
20000200  __STACK_TOP                    
00000c10  __TI_CINIT_Base                
00000c18  __TI_CINIT_Limit               
00000c08  __TI_Handler_Table_Base        
00000c10  __TI_Handler_Table_Limit       
00000755  __TI_auto_init                 
20000200  __TI_cleanup_ptr               
00000ac1  __TI_decompress_none           
00000b01  __TI_decompress_rle24          
20000204  __TI_dtors_ptr                 
20000208  __TI_enable_exit_profile_output
ffffffff  __TI_pprof_out_hndl            
ffffffff  __TI_prof_data_size            
ffffffff  __TI_prof_data_start           
00000000  __TI_static_base__             
000006d9  __aeabi_memclr                 
000006d9  __aeabi_memclr4                
000006d9  __aeabi_memclr8                
000005a5  __aeabi_memcpy                 
000005a5  __aeabi_memcpy4                
000005a5  __aeabi_memcpy8                
000006db  __aeabi_memset                 
000006db  __aeabi_memset4                
000006db  __aeabi_memset8                
ffffffff  __binit__                      
ffffffff  __c_args__                     
0000039f  __mpu_init                     
20000000  __stack                        
00000a65  _args_main                     
000008f9  _c_int00                       
2000020c  _lock                          
00000a8b  _nop                           
00000a83  _register_lock                 
00000a7d  _register_unlock               
00000753  _system_post_cinit             
00000b0b  _system_pre_init               
20000210  _unlock                        
00000951  abort                          
ffffffff  binit                          
000009a1  copy_in                        
00000959  exit                           
00000000  g_pfnVectors                   
00000641  main                           
20000214  main_func_sp                   
000005a5  memcpy                         
000006e1  memset                         


GLOBAL SYMBOLS: SORTED BY Symbol Address 

address   name                           
-------   ----                           
00000000  __TI_static_base__             
00000000  g_pfnVectors                   
00000200  __STACK_SIZE                   
0000026d  GPIOPadConfigSet               
0000039f  __mpu_init                     
000003a1  SysCtlClockGet                 
000004b1  SysCtlClockSet                 
000005a5  __aeabi_memcpy                 
000005a5  __aeabi_memcpy4                
000005a5  __aeabi_memcpy8                
000005a5  memcpy                         
00000641  main                           
00000699  Timer0IntHandler               
000006d9  __aeabi_memclr                 
000006d9  __aeabi_memclr4                
000006d9  __aeabi_memclr8                
000006db  __aeabi_memset                 
000006db  __aeabi_memset4                
000006db  __aeabi_memset8                
000006e1  memset                         
00000753  _system_post_cinit             
00000755  __TI_auto_init                 
00000831  IntEnable                      
00000899  TimerConfigure                 
000008f9  _c_int00                       
0000094d  C$$EXIT                        
00000951  abort                          
00000959  exit                           
000009a1  copy_in                        
000009ed  SysCtlPeripheralEnable         
00000a21  GPIODirModeSet                 
00000a4b  GPIOPinTypeGPIOOutput          
00000a65  _args_main                     
00000a7d  _register_unlock               
00000a83  _register_lock                 
00000a8b  _nop                           
00000a91  TimerLoadSet                   
00000aa3  IntMasterEnable                
00000ab3  TimerEnable                    
00000ac1  __TI_decompress_none           
00000acf  CPUcpsie                       
00000adb  ResetISR                       
00000ae7  TimerIntEnable                 
00000aef  GPIOPinRead                    
00000af5  GPIOPinWrite                   
00000afb  SysCtlDelay                    
00000b01  __TI_decompress_rle24          
00000b07  TimerIntClear                  
00000b0b  _system_pre_init               
00000c08  __TI_Handler_Table_Base        
00000c10  __TI_CINIT_Base                
00000c10  __TI_Handler_Table_Limit       
00000c18  __TI_CINIT_Limit               
20000000  __stack                        
20000200  __STACK_END                    
20000200  __STACK_TOP                    
20000200  __TI_cleanup_ptr               
20000204  __TI_dtors_ptr                 
20000208  __TI_enable_exit_profile_output
2000020c  _lock                          
20000210  _unlock                        
20000214  main_func_sp                   
ffffffff  __TI_pprof_out_hndl            
ffffffff  __TI_prof_data_size            
ffffffff  __TI_prof_data_start           
ffffffff  __binit__                      
ffffffff  __c_args__                     
ffffffff  binit                          
UNDEFED   SHT$$INIT_ARRAY$$Base          
UNDEFED   SHT$$INIT_ARRAY$$Limit         

[70 symbols]
