******************************************************************************
                  TI ARM Linker PC v16.9.0                     
******************************************************************************
>> Linked Fri May 19 10:53:13 2017

OUTPUT FILE NAME:   <DCMotor_123.out>
ENTRY POINT SYMBOL: "_c_int00"  address: 000007dd


MEMORY CONFIGURATION

         name            origin    length      used     unused   attr    fill
----------------------  --------  ---------  --------  --------  ----  --------
  FLASH                 00000000   00040000  00000bca  0003f436  R  X
  SRAM                  20000000   00008000  00000218  00007de8  RW X


SEGMENT ALLOCATION MAP

run origin  load origin   length   init length attrs members
----------  ----------- ---------- ----------- ----- -------
00000000    00000000    00000bcc   00000bcc    r-x
  00000000    00000000    0000026c   0000026c    r-- .intvecs
  0000026c    0000026c    000008aa   000008aa    r-x .text
  00000b18    00000b18    00000090   00000090    r-- .const
  00000ba8    00000ba8    00000024   00000024    r-- .cinit
20000000    20000000    00000218   00000000    rw-
  20000000    20000000    00000200   00000000    rw- .stack
  20000200    20000200    00000018   00000000    rw- .data


SECTION ALLOCATION MAP

 output                                  attributes/
section   page    origin      length       input sections
--------  ----  ----------  ----------   ----------------
.intvecs   0    00000000    0000026c     
                  00000000    0000026c     tm4c123gh6pm_startup_ccs.obj (.intvecs)

.text      0    0000026c    000008aa     
                  0000026c    00000132     driverlib.lib : gpio.obj (.text:GPIOPadConfigSet)
                  0000039e    000000fc     rtsv7M4_T_le_v4SPD16_eabi.lib : fd_mul_t2.obj (.text)
                  0000049a    00000002                                   : mpu_init.obj (.text)
                  0000049c    000000f4     driverlib.lib : sysctl.obj (.text:SysCtlClockSet)
                  00000590    000000d8     main.obj (.text)
                  00000668    0000009c     rtsv7M4_T_le_v4SPD16_eabi.lib : memcpy_t2.obj (.text)
                  00000704    00000070                                   : autoinit.obj (.text)
                  00000774    00000068                                   : copy_decompress_lzss.obj (.text:decompress:lzss)
                  000007dc    00000054                                   : boot.obj (.text)
                  00000830    00000054                                   : exit.obj (.text)
                  00000884    0000004c                                   : cpy_tbl.obj (.text)
                  000008d0    00000048     driverlib.lib : gpio.obj (.text:GPIOPinConfigure)
                  00000918    00000044     rtsv7M4_T_le_v4SPD16_eabi.lib : fd_tou_t2.obj (.text)
                  0000095c    00000038     driverlib.lib : sysctl.obj (.text:SysCtlPeripheralReady)
                  00000994    00000034                   : sysctl.obj (.text:SysCtlPeripheralEnable)
                  000009c8    0000002a                   : gpio.obj (.text:GPIODirModeSet)
                  000009f2    00000022                   : pwm.obj (.text:PWMGenConfigure)
                  00000a14    00000020     rtsv7M4_T_le_v4SPD16_eabi.lib : u_tofd_t2.obj (.text)
                  00000a34    0000001e     driverlib.lib : pwm.obj (.text:PWMPulseWidthSet)
                  00000a52    00000018                   : gpio.obj (.text:GPIOPinTypeGPIOOutput)
                  00000a6a    00000002     rtsv7M4_T_le_v4SPD16_eabi.lib : startup.obj (.text)
                  00000a6c    00000018                                   : args_main.obj (.text)
                  00000a84    00000014     driverlib.lib : sysctl.obj (.text:SysCtlPWMClockSet)
                  00000a98    00000014     rtsv7M4_T_le_v4SPD16_eabi.lib : _lock.obj (.text)
                  00000aac    00000012     driverlib.lib : gpio.obj (.text:GPIOPinTypePWM)
                  00000abe    00000012                   : pwm.obj (.text:PWMOutputState)
                  00000ad0    00000010                   : pwm.obj (.text:PWMGenPeriodSet)
                  00000ae0    0000000e     rtsv7M4_T_le_v4SPD16_eabi.lib : copy_decompress_none.obj (.text:decompress:none)
                  00000aee    0000000c     driverlib.lib : pwm.obj (.text:PWMGenEnable)
                  00000afa    0000000c     tm4c123gh6pm_startup_ccs.obj (.text)
                  00000b06    00000006     driverlib.lib : gpio.obj (.text:GPIOPinWrite)
                  00000b0c    00000006                   : sysctl.obj (.text:SysCtlDelay)
                  00000b12    00000004     rtsv7M4_T_le_v4SPD16_eabi.lib : pre_init.obj (.text)

.const     0    00000b18    00000090     
                  00000b18    00000090     driverlib.lib : gpio.obj (.const:g_pui32GPIOBaseAddrs)

.cinit     0    00000ba8    00000024     
                  00000ba8    00000011     (.cinit..data.load) [load image, compression = lzss]
                  00000bb9    00000003     --HOLE-- [fill = 0]
                  00000bbc    00000008     (__TI_handler_table)
                  00000bc4    00000008     (__TI_cinit_table)

.init_array 
*          0    00000000    00000000     UNINITIALIZED

.stack     0    20000000    00000200     UNINITIALIZED
                  20000000    00000200     --HOLE--

.data      0    20000200    00000018     UNINITIALIZED
                  20000200    0000000c     rtsv7M4_T_le_v4SPD16_eabi.lib : exit.obj (.data:$O1$$)
                  2000020c    00000008                                   : _lock.obj (.data:$O1$$)
                  20000214    00000004                                   : stkdepth_vars.obj (.data)

MODULE SUMMARY

       Module                         code   ro data   rw data
       ------                         ----   -------   -------
    .\
       tm4c123gh6pm_startup_ccs.obj   12     620       0      
       main.obj                       216    0         0      
    +--+------------------------------+------+---------+---------+
       Total:                         228    620       0      
                                                              
    C:/ti/TivaWare_C_Series-2.1.4.178/driverlib/ccs/Debug/driverlib.lib
       gpio.obj                       468    144       0      
       sysctl.obj                     378    0         0      
       pwm.obj                        110    0         0      
    +--+------------------------------+------+---------+---------+
       Total:                         956    144       0      
                                                              
    C:\ti\ccsv7\tools\compiler\ti-cgt-arm_16.9.0.LTS\lib\rtsv7M4_T_le_v4SPD16_eabi.lib
       fd_mul_t2.obj                  252    0         0      
       memcpy_t2.obj                  156    0         0      
       autoinit.obj                   112    0         0      
       copy_decompress_lzss.obj       104    0         0      
       exit.obj                       84     0         12     
       boot.obj                       84     0         0      
       cpy_tbl.obj                    76     0         0      
       fd_tou_t2.obj                  68     0         0      
       u_tofd_t2.obj                  32     0         0      
       _lock.obj                      20     0         8      
       args_main.obj                  24     0         0      
       copy_decompress_none.obj       14     0         0      
       pre_init.obj                   4      0         0      
       stkdepth_vars.obj              0      0         4      
       mpu_init.obj                   2      0         0      
       startup.obj                    2      0         0      
    +--+------------------------------+------+---------+---------+
       Total:                         1034   0         24     
                                                              
       Stack:                         0      0         512    
       Linker Generated:              0      33        0      
    +--+------------------------------+------+---------+---------+
       Grand Total:                   2218   797       536    


LINKER GENERATED COPY TABLES

__TI_cinit_table @ 00000bc4 records: 1, size/record: 8, table size: 8
	.data: load addr=00000ba8, load size=00000011 bytes, run addr=20000200, run size=00000018 bytes, compression=lzss


LINKER GENERATED HANDLER TABLE

__TI_handler_table @ 00000bbc records: 2, size/record: 4, table size: 8
	index: 0, handler: __TI_decompress_lzss
	index: 1, handler: __TI_decompress_none


GLOBAL SYMBOLS: SORTED ALPHABETICALLY BY Name 

address   name                           
-------   ----                           
00000831  C$$EXIT                        
000009c9  GPIODirModeSet                 
0000026d  GPIOPadConfigSet               
000008d1  GPIOPinConfigure               
00000a53  GPIOPinTypeGPIOOutput          
00000aad  GPIOPinTypePWM                 
00000b07  GPIOPinWrite                   
000009f3  PWMGenConfigure                
00000aef  PWMGenEnable                   
00000ad1  PWMGenPeriodSet                
00000abf  PWMOutputState                 
00000a35  PWMPulseWidthSet               
00000afb  ResetISR                       
UNDEFED   SHT$$INIT_ARRAY$$Base          
UNDEFED   SHT$$INIT_ARRAY$$Limit         
0000049d  SysCtlClockSet                 
00000b0d  SysCtlDelay                    
00000a85  SysCtlPWMClockSet              
00000995  SysCtlPeripheralEnable         
0000095d  SysCtlPeripheralReady          
20000200  __STACK_END                    
00000200  __STACK_SIZE                   
20000200  __STACK_TOP                    
00000bc4  __TI_CINIT_Base                
00000bcc  __TI_CINIT_Limit               
00000bbc  __TI_Handler_Table_Base        
00000bc4  __TI_Handler_Table_Limit       
00000705  __TI_auto_init                 
20000200  __TI_cleanup_ptr               
00000775  __TI_decompress_lzss           
00000ae1  __TI_decompress_none           
20000204  __TI_dtors_ptr                 
20000208  __TI_enable_exit_profile_output
ffffffff  __TI_pprof_out_hndl            
ffffffff  __TI_prof_data_size            
ffffffff  __TI_prof_data_start           
00000000  __TI_static_base__             
00000919  __aeabi_d2uiz                  
0000039f  __aeabi_dmul                   
00000669  __aeabi_memcpy                 
00000669  __aeabi_memcpy4                
00000669  __aeabi_memcpy8                
00000a15  __aeabi_ui2d                   
ffffffff  __binit__                      
ffffffff  __c_args__                     
0000049b  __mpu_init                     
20000000  __stack                        
00000a6d  _args_main                     
000007dd  _c_int00                       
2000020c  _lock                          
00000aa7  _nop                           
00000a9f  _register_lock                 
00000a99  _register_unlock               
00000a6b  _system_post_cinit             
00000b13  _system_pre_init               
20000210  _unlock                        
00000835  abort                          
ffffffff  binit                          
00000885  copy_in                        
00000591  enableDirectionPin             
000005ad  enablePWM                      
0000083d  exit                           
00000000  g_pfnVectors                   
000005fb  main                           
20000214  main_func_sp                   
00000669  memcpy                         


GLOBAL SYMBOLS: SORTED BY Symbol Address 

address   name                           
-------   ----                           
00000000  __TI_static_base__             
00000000  g_pfnVectors                   
00000200  __STACK_SIZE                   
0000026d  GPIOPadConfigSet               
0000039f  __aeabi_dmul                   
0000049b  __mpu_init                     
0000049d  SysCtlClockSet                 
00000591  enableDirectionPin             
000005ad  enablePWM                      
000005fb  main                           
00000669  __aeabi_memcpy                 
00000669  __aeabi_memcpy4                
00000669  __aeabi_memcpy8                
00000669  memcpy                         
00000705  __TI_auto_init                 
00000775  __TI_decompress_lzss           
000007dd  _c_int00                       
00000831  C$$EXIT                        
00000835  abort                          
0000083d  exit                           
00000885  copy_in                        
000008d1  GPIOPinConfigure               
00000919  __aeabi_d2uiz                  
0000095d  SysCtlPeripheralReady          
00000995  SysCtlPeripheralEnable         
000009c9  GPIODirModeSet                 
000009f3  PWMGenConfigure                
00000a15  __aeabi_ui2d                   
00000a35  PWMPulseWidthSet               
00000a53  GPIOPinTypeGPIOOutput          
00000a6b  _system_post_cinit             
00000a6d  _args_main                     
00000a85  SysCtlPWMClockSet              
00000a99  _register_unlock               
00000a9f  _register_lock                 
00000aa7  _nop                           
00000aad  GPIOPinTypePWM                 
00000abf  PWMOutputState                 
00000ad1  PWMGenPeriodSet                
00000ae1  __TI_decompress_none           
00000aef  PWMGenEnable                   
00000afb  ResetISR                       
00000b07  GPIOPinWrite                   
00000b0d  SysCtlDelay                    
00000b13  _system_pre_init               
00000bbc  __TI_Handler_Table_Base        
00000bc4  __TI_CINIT_Base                
00000bc4  __TI_Handler_Table_Limit       
00000bcc  __TI_CINIT_Limit               
20000000  __stack                        
20000200  __STACK_END                    
20000200  __STACK_TOP                    
20000200  __TI_cleanup_ptr               
20000204  __TI_dtors_ptr                 
20000208  __TI_enable_exit_profile_output
2000020c  _lock                          
20000210  _unlock                        
20000214  main_func_sp                   
ffffffff  __TI_pprof_out_hndl            
ffffffff  __TI_prof_data_size            
ffffffff  __TI_prof_data_start           
ffffffff  __binit__                      
ffffffff  __c_args__                     
ffffffff  binit                          
UNDEFED   SHT$$INIT_ARRAY$$Base          
UNDEFED   SHT$$INIT_ARRAY$$Limit         

[66 symbols]
