******************************************************************************
                  TI ARM Linker PC v15.12.3                    
******************************************************************************
>> Linked Wed Dec 21 16:41:18 2016

OUTPUT FILE NAME:   <DCMotor_123.out>
ENTRY POINT SYMBOL: "_c_int00"  address: 0000085d


MEMORY CONFIGURATION

         name            origin    length      used     unused   attr    fill
----------------------  --------  ---------  --------  --------  ----  --------
  FLASH                 00000000   00040000  00000c54  0003f3ac  R  X
  SRAM                  20000000   00008000  00000218  00007de8  RW X


SEGMENT ALLOCATION MAP

run origin  load origin   length   init length attrs members
----------  ----------- ---------- ----------- ----- -------
00000000    00000000    00000c58   00000c58    r-x
  00000000    00000000    0000026c   0000026c    r-- .intvecs
  0000026c    0000026c    00000930   00000930    r-x .text
  00000b9c    00000b9c    00000090   00000090    r-- .const
  00000c30    00000c30    00000028   00000028    r-- .cinit
20000000    20000000    00000218   00000000    rw-
  20000000    20000000    00000200   00000000    rw- .stack
  20000200    20000200    00000018   00000000    rw- .data


SECTION ALLOCATION MAP

 output                                  attributes/
section   page    origin      length       input sections
--------  ----  ----------  ----------   ----------------
.intvecs   0    00000000    0000026c     
                  00000000    0000026c     tm4c123gh6pm_startup_ccs.obj (.intvecs)

.text      0    0000026c    00000930     
                  0000026c    00000132     driverlib.lib : gpio.obj (.text:GPIOPadConfigSet)
                  0000039e    000000fc     rtsv7M4_T_le_v4SPD16_eabi.lib : fd_mul_t2.obj (.text)
                  0000049a    00000002                                   : mpu_init.obj (.text)
                  0000049c    000000f4     driverlib.lib : sysctl.obj (.text:SysCtlClockSet)
                  00000590    000000d8     main.obj (.text)
                  00000668    0000009c     rtsv7M4_T_le_v4SPD16_eabi.lib : memcpy_t2.obj (.text)
                  00000704    0000007a                                   : memset_t2.obj (.text)
                  0000077e    00000002                                   : startup.obj (.text)
                  00000780    00000070                                   : autoinit.obj (.text)
                  000007f0    0000006a                                   : copy_decompress_rle.obj (.text)
                  0000085a    00000002     --HOLE-- [fill = 0]
                  0000085c    00000054                                   : boot.obj (.text)
                  000008b0    00000054                                   : exit.obj (.text)
                  00000904    0000004c                                   : cpy_tbl.obj (.text)
                  00000950    00000048     driverlib.lib : gpio.obj (.text:GPIOPinConfigure)
                  00000998    00000044     rtsv7M4_T_le_v4SPD16_eabi.lib : fd_tou_t2.obj (.text)
                  000009dc    00000038     driverlib.lib : sysctl.obj (.text:SysCtlPeripheralReady)
                  00000a14    00000034                   : sysctl.obj (.text:SysCtlPeripheralEnable)
                  00000a48    0000002a                   : gpio.obj (.text:GPIODirModeSet)
                  00000a72    00000022                   : pwm.obj (.text:PWMGenConfigure)
                  00000a94    00000020     rtsv7M4_T_le_v4SPD16_eabi.lib : u_tofd_t2.obj (.text)
                  00000ab4    0000001e     driverlib.lib : pwm.obj (.text:PWMPulseWidthSet)
                  00000ad2    00000018                   : gpio.obj (.text:GPIOPinTypeGPIOOutput)
                  00000aea    00000002     --HOLE-- [fill = 0]
                  00000aec    00000018     rtsv7M4_T_le_v4SPD16_eabi.lib : args_main.obj (.text)
                  00000b04    00000014     driverlib.lib : sysctl.obj (.text:SysCtlPWMClockSet)
                  00000b18    00000014     rtsv7M4_T_le_v4SPD16_eabi.lib : _lock.obj (.text)
                  00000b2c    00000012     driverlib.lib : gpio.obj (.text:GPIOPinTypePWM)
                  00000b3e    00000012                   : pwm.obj (.text:PWMOutputState)
                  00000b50    00000010                   : pwm.obj (.text:PWMGenPeriodSet)
                  00000b60    0000000e     rtsv7M4_T_le_v4SPD16_eabi.lib : copy_decompress_none.obj (.text:decompress:none)
                  00000b6e    0000000c     driverlib.lib : pwm.obj (.text:PWMGenEnable)
                  00000b7a    0000000c     tm4c123gh6pm_startup_ccs.obj (.text)
                  00000b86    00000006     driverlib.lib : gpio.obj (.text:GPIOPinWrite)
                  00000b8c    00000006                   : sysctl.obj (.text:SysCtlDelay)
                  00000b92    00000006     rtsv7M4_T_le_v4SPD16_eabi.lib : copy_decompress_rle.obj (.text:decompress:rle24)
                  00000b98    00000004                                   : pre_init.obj (.text)

.const     0    00000b9c    00000090     
                  00000b9c    00000090     driverlib.lib : gpio.obj (.const:g_pui32GPIOBaseAddrs)

.cinit     0    00000c30    00000028     
                  00000c30    00000016     (.cinit..data.load) [load image, compression = rle]
                  00000c46    00000002     --HOLE-- [fill = 0]
                  00000c48    00000008     (__TI_handler_table)
                  00000c50    00000008     (__TI_cinit_table)

.init_array 
*          0    00000000    00000000     UNINITIALIZED

.stack     0    20000000    00000200     UNINITIALIZED
                  20000000    00000200     --HOLE--

.data      0    20000200    00000018     UNINITIALIZED
                  20000200    0000000c     rtsv7M4_T_le_v4SPD16_eabi.lib : exit.obj (.data:$O1$$)
                  2000020c    00000008                                   : _lock.obj (.data:$O1$$)
                  20000214    00000004                                   : stkdepth_vars.obj (.data)

MODULE SUMMARY

       Module                         code   ro data   rw data
       ------                         ----   -------   -------
    .\
       tm4c123gh6pm_startup_ccs.obj   12     620       0      
       main.obj                       216    0         0      
    +--+------------------------------+------+---------+---------+
       Total:                         228    620       0      
                                                              
    C:/ti/TivaWare_C_Series-2.1.3.156/driverlib/ccs/Debug/driverlib.lib
       gpio.obj                       468    144       0      
       sysctl.obj                     378    0         0      
       pwm.obj                        110    0         0      
    +--+------------------------------+------+---------+---------+
       Total:                         956    144       0      
                                                              
    C:\ti\ccsv6\tools\compiler\arm_15.12.3.LTS\lib\rtsv7M4_T_le_v4SPD16_eabi.lib
       fd_mul_t2.obj                  252    0         0      
       memcpy_t2.obj                  156    0         0      
       memset_t2.obj                  122    0         0      
       autoinit.obj                   112    0         0      
       copy_decompress_rle.obj        112    0         0      
       exit.obj                       84     0         12     
       boot.obj                       84     0         0      
       cpy_tbl.obj                    76     0         0      
       fd_tou_t2.obj                  68     0         0      
       u_tofd_t2.obj                  32     0         0      
       _lock.obj                      20     0         8      
       args_main.obj                  24     0         0      
       copy_decompress_none.obj       14     0         0      
       pre_init.obj                   4      0         0      
       stkdepth_vars.obj              0      0         4      
       mpu_init.obj                   2      0         0      
       startup.obj                    2      0         0      
    +--+------------------------------+------+---------+---------+
       Total:                         1164   0         24     
                                                              
       Stack:                         0      0         512    
       Linker Generated:              0      38        0      
    +--+------------------------------+------+---------+---------+
       Grand Total:                   2348   802       536    


LINKER GENERATED COPY TABLES

__TI_cinit_table @ 00000c50 records: 1, size/record: 8, table size: 8
	.data: load addr=00000c30, load size=00000016 bytes, run addr=20000200, run size=00000018 bytes, compression=rle


LINKER GENERATED HANDLER TABLE

__TI_handler_table @ 00000c48 records: 2, size/record: 4, table size: 8
	index: 0, handler: __TI_decompress_rle24
	index: 1, handler: __TI_decompress_none


GLOBAL SYMBOLS: SORTED ALPHABETICALLY BY Name 

address   name                           
-------   ----                           
000008b1  C$$EXIT                        
00000a49  GPIODirModeSet                 
0000026d  GPIOPadConfigSet               
00000951  GPIOPinConfigure               
00000ad3  GPIOPinTypeGPIOOutput          
00000b2d  GPIOPinTypePWM                 
00000b87  GPIOPinWrite                   
00000a73  PWMGenConfigure                
00000b6f  PWMGenEnable                   
00000b51  PWMGenPeriodSet                
00000b3f  PWMOutputState                 
00000ab5  PWMPulseWidthSet               
00000b7b  ResetISR                       
UNDEFED   SHT$$INIT_ARRAY$$Base          
UNDEFED   SHT$$INIT_ARRAY$$Limit         
0000049d  SysCtlClockSet                 
00000b8d  SysCtlDelay                    
00000b05  SysCtlPWMClockSet              
00000a15  SysCtlPeripheralEnable         
000009dd  SysCtlPeripheralReady          
20000200  __STACK_END                    
00000200  __STACK_SIZE                   
20000200  __STACK_TOP                    
00000c50  __TI_CINIT_Base                
00000c58  __TI_CINIT_Limit               
00000c48  __TI_Handler_Table_Base        
00000c50  __TI_Handler_Table_Limit       
00000781  __TI_auto_init                 
20000200  __TI_cleanup_ptr               
00000b61  __TI_decompress_none           
00000b93  __TI_decompress_rle24          
20000204  __TI_dtors_ptr                 
20000208  __TI_enable_exit_profile_output
ffffffff  __TI_pprof_out_hndl            
ffffffff  __TI_prof_data_size            
ffffffff  __TI_prof_data_start           
00000000  __TI_static_base__             
00000999  __aeabi_d2uiz                  
0000039f  __aeabi_dmul                   
00000705  __aeabi_memclr                 
00000705  __aeabi_memclr4                
00000705  __aeabi_memclr8                
00000669  __aeabi_memcpy                 
00000669  __aeabi_memcpy4                
00000669  __aeabi_memcpy8                
00000707  __aeabi_memset                 
00000707  __aeabi_memset4                
00000707  __aeabi_memset8                
00000a95  __aeabi_ui2d                   
ffffffff  __binit__                      
ffffffff  __c_args__                     
0000049b  __mpu_init                     
20000000  __stack                        
00000aed  _args_main                     
0000085d  _c_int00                       
2000020c  _lock                          
00000b27  _nop                           
00000b1f  _register_lock                 
00000b19  _register_unlock               
0000077f  _system_post_cinit             
00000b99  _system_pre_init               
20000210  _unlock                        
000008b5  abort                          
ffffffff  binit                          
00000905  copy_in                        
00000591  enableDirectionPin             
000005ad  enablePWM                      
000008bd  exit                           
00000000  g_pfnVectors                   
000005fb  main                           
20000214  main_func_sp                   
00000669  memcpy                         
0000070d  memset                         


GLOBAL SYMBOLS: SORTED BY Symbol Address 

address   name                           
-------   ----                           
00000000  __TI_static_base__             
00000000  g_pfnVectors                   
00000200  __STACK_SIZE                   
0000026d  GPIOPadConfigSet               
0000039f  __aeabi_dmul                   
0000049b  __mpu_init                     
0000049d  SysCtlClockSet                 
00000591  enableDirectionPin             
000005ad  enablePWM                      
000005fb  main                           
00000669  __aeabi_memcpy                 
00000669  __aeabi_memcpy4                
00000669  __aeabi_memcpy8                
00000669  memcpy                         
00000705  __aeabi_memclr                 
00000705  __aeabi_memclr4                
00000705  __aeabi_memclr8                
00000707  __aeabi_memset                 
00000707  __aeabi_memset4                
00000707  __aeabi_memset8                
0000070d  memset                         
0000077f  _system_post_cinit             
00000781  __TI_auto_init                 
0000085d  _c_int00                       
000008b1  C$$EXIT                        
000008b5  abort                          
000008bd  exit                           
00000905  copy_in                        
00000951  GPIOPinConfigure               
00000999  __aeabi_d2uiz                  
000009dd  SysCtlPeripheralReady          
00000a15  SysCtlPeripheralEnable         
00000a49  GPIODirModeSet                 
00000a73  PWMGenConfigure                
00000a95  __aeabi_ui2d                   
00000ab5  PWMPulseWidthSet               
00000ad3  GPIOPinTypeGPIOOutput          
00000aed  _args_main                     
00000b05  SysCtlPWMClockSet              
00000b19  _register_unlock               
00000b1f  _register_lock                 
00000b27  _nop                           
00000b2d  GPIOPinTypePWM                 
00000b3f  PWMOutputState                 
00000b51  PWMGenPeriodSet                
00000b61  __TI_decompress_none           
00000b6f  PWMGenEnable                   
00000b7b  ResetISR                       
00000b87  GPIOPinWrite                   
00000b8d  SysCtlDelay                    
00000b93  __TI_decompress_rle24          
00000b99  _system_pre_init               
00000c48  __TI_Handler_Table_Base        
00000c50  __TI_CINIT_Base                
00000c50  __TI_Handler_Table_Limit       
00000c58  __TI_CINIT_Limit               
20000000  __stack                        
20000200  __STACK_END                    
20000200  __STACK_TOP                    
20000200  __TI_cleanup_ptr               
20000204  __TI_dtors_ptr                 
20000208  __TI_enable_exit_profile_output
2000020c  _lock                          
20000210  _unlock                        
20000214  main_func_sp                   
ffffffff  __TI_pprof_out_hndl            
ffffffff  __TI_prof_data_size            
ffffffff  __TI_prof_data_start           
ffffffff  __binit__                      
ffffffff  __c_args__                     
ffffffff  binit                          
UNDEFED   SHT$$INIT_ARRAY$$Base          
UNDEFED   SHT$$INIT_ARRAY$$Limit         

[73 symbols]
