******************************************************************************
                  TI ARM Linker PC v15.12.3                    
******************************************************************************
>> Linked Wed Oct 26 17:07:49 2016

OUTPUT FILE NAME:   <SSI_Output.out>
ENTRY POINT SYMBOL: "_c_int00"  address: 000008cd


MEMORY CONFIGURATION

         name            origin    length      used     unused   attr    fill
----------------------  --------  ---------  --------  --------  ----  --------
  FLASH                 00000000   00040000  00000ca4  0003f35c  R  X
  SRAM                  20000000   00008000  00000218  00007de8  RW X


SEGMENT ALLOCATION MAP

run origin  load origin   length   init length attrs members
----------  ----------- ---------- ----------- ----- -------
00000000    00000000    00000ca8   00000ca8    r-x
  00000000    00000000    0000026c   0000026c    r-- .intvecs
  0000026c    0000026c    0000090c   0000090c    r-x .text
  00000b78    00000b78    00000104   00000104    r-- .const
  00000c80    00000c80    00000028   00000028    r-- .cinit
20000000    20000000    00000218   00000000    rw-
  20000000    20000000    00000200   00000000    rw- .stack
  20000200    20000200    00000018   00000000    rw- .data


SECTION ALLOCATION MAP

 output                                  attributes/
section   page    origin      length       input sections
--------  ----  ----------  ----------   ----------------
.intvecs   0    00000000    0000026c     
                  00000000    0000026c     tm4c123gh6pm_startup_ccs.obj (.intvecs)

.text      0    0000026c    0000090c     
                  0000026c    00000134     main.obj (.text)
                  000003a0    00000132     driverlib.lib : gpio.obj (.text:GPIOPadConfigSet)
                  000004d2    00000002     rtsv7M4_T_le_v4SPD16_eabi.lib : mpu_init.obj (.text)
                  000004d4    00000110     driverlib.lib : sysctl.obj (.text:SysCtlClockGet)
                  000005e4    000000f4                   : sysctl.obj (.text:SysCtlClockSet)
                  000006d8    0000009c     rtsv7M4_T_le_v4SPD16_eabi.lib : memcpy_t2.obj (.text)
                  00000774    0000007a                                   : memset_t2.obj (.text)
                  000007ee    00000002                                   : startup.obj (.text)
                  000007f0    00000070                                   : autoinit.obj (.text)
                  00000860    0000006a                                   : copy_decompress_rle.obj (.text)
                  000008ca    00000002     --HOLE-- [fill = 0]
                  000008cc    00000054                                   : boot.obj (.text)
                  00000920    00000054                                   : exit.obj (.text)
                  00000974    0000004c                                   : cpy_tbl.obj (.text)
                  000009c0    00000048     driverlib.lib : gpio.obj (.text:GPIOPinConfigure)
                  00000a08    0000003c                   : ssi.obj (.text:SSIConfigSetExpClk)
                  00000a44    00000038                   : sysctl.obj (.text:SysCtlPeripheralReady)
                  00000a7c    00000034                   : sysctl.obj (.text:SysCtlPeripheralEnable)
                  00000ab0    0000002a                   : gpio.obj (.text:GPIODirModeSet)
                  00000ada    00000018                   : gpio.obj (.text:GPIOPinTypeGPIOOutput)
                  00000af2    00000002     --HOLE-- [fill = 0]
                  00000af4    00000018     rtsv7M4_T_le_v4SPD16_eabi.lib : args_main.obj (.text)
                  00000b0c    00000014                                   : _lock.obj (.text)
                  00000b20    00000012     driverlib.lib : gpio.obj (.text:GPIOPinTypeSSI)
                  00000b32    0000000e     rtsv7M4_T_le_v4SPD16_eabi.lib : copy_decompress_none.obj (.text:decompress:none)
                  00000b40    0000000c     tm4c123gh6pm_startup_ccs.obj (.text)
                  00000b4c    0000000a     driverlib.lib : ssi.obj (.text:SSIDataPut)
                  00000b56    0000000a                   : ssi.obj (.text:SSIEnable)
                  00000b60    00000008                   : ssi.obj (.text:SSIBusy)
                  00000b68    00000006                   : sysctl.obj (.text:SysCtlDelay)
                  00000b6e    00000006     rtsv7M4_T_le_v4SPD16_eabi.lib : copy_decompress_rle.obj (.text:decompress:rle24)
                  00000b74    00000004                                   : pre_init.obj (.text)

.const     0    00000b78    00000104     
                  00000b78    00000090     driverlib.lib : gpio.obj (.const:g_pui32GPIOBaseAddrs)
                  00000c08    0000006c                   : sysctl.obj (.const:g_pui32Xtals)
                  00000c74    00000008     main.obj (.const:.string:dataTx)

.cinit     0    00000c80    00000028     
                  00000c80    00000016     (.cinit..data.load) [load image, compression = rle]
                  00000c96    00000002     --HOLE-- [fill = 0]
                  00000c98    00000008     (__TI_handler_table)
                  00000ca0    00000008     (__TI_cinit_table)

.init_array 
*          0    00000000    00000000     UNINITIALIZED

.stack     0    20000000    00000200     UNINITIALIZED
                  20000000    00000200     --HOLE--

.data      0    20000200    00000018     UNINITIALIZED
                  20000200    0000000c     rtsv7M4_T_le_v4SPD16_eabi.lib : exit.obj (.data:$O1$$)
                  2000020c    00000008                                   : _lock.obj (.data:$O1$$)
                  20000214    00000004                                   : stkdepth_vars.obj (.data)

MODULE SUMMARY

       Module                         code   ro data   rw data
       ------                         ----   -------   -------
    .\
       tm4c123gh6pm_startup_ccs.obj   12     620       0      
       main.obj                       308    8         0      
    +--+------------------------------+------+---------+---------+
       Total:                         320    628       0      
                                                              
    C:/ti/TivaWare_C_Series-2.1.3.156/driverlib/ccs/Debug/driverlib.lib
       sysctl.obj                     630    108       0      
       gpio.obj                       462    144       0      
       ssi.obj                        88     0         0      
    +--+------------------------------+------+---------+---------+
       Total:                         1180   252       0      
                                                              
    C:\ti\ccsv6\tools\compiler\arm_15.12.3.LTS\lib\rtsv7M4_T_le_v4SPD16_eabi.lib
       memcpy_t2.obj                  156    0         0      
       memset_t2.obj                  122    0         0      
       autoinit.obj                   112    0         0      
       copy_decompress_rle.obj        112    0         0      
       exit.obj                       84     0         12     
       boot.obj                       84     0         0      
       cpy_tbl.obj                    76     0         0      
       _lock.obj                      20     0         8      
       args_main.obj                  24     0         0      
       copy_decompress_none.obj       14     0         0      
       pre_init.obj                   4      0         0      
       stkdepth_vars.obj              0      0         4      
       mpu_init.obj                   2      0         0      
       startup.obj                    2      0         0      
    +--+------------------------------+------+---------+---------+
       Total:                         812    0         24     
                                                              
       Stack:                         0      0         512    
       Linker Generated:              0      38        0      
    +--+------------------------------+------+---------+---------+
       Grand Total:                   2312   918       536    


LINKER GENERATED COPY TABLES

__TI_cinit_table @ 00000ca0 records: 1, size/record: 8, table size: 8
	.data: load addr=00000c80, load size=00000016 bytes, run addr=20000200, run size=00000018 bytes, compression=rle


LINKER GENERATED HANDLER TABLE

__TI_handler_table @ 00000c98 records: 2, size/record: 4, table size: 8
	index: 0, handler: __TI_decompress_rle24
	index: 1, handler: __TI_decompress_none


GLOBAL SYMBOLS: SORTED ALPHABETICALLY BY Name 

address   name                           
-------   ----                           
00000921  C$$EXIT                        
00000ab1  GPIODirModeSet                 
000003a1  GPIOPadConfigSet               
000009c1  GPIOPinConfigure               
00000adb  GPIOPinTypeGPIOOutput          
00000b21  GPIOPinTypeSSI                 
00000b41  ResetISR                       
0000026d  Reverse                        
UNDEFED   SHT$$INIT_ARRAY$$Base          
UNDEFED   SHT$$INIT_ARRAY$$Limit         
00000b61  SSIBusy                        
00000a09  SSIConfigSetExpClk             
00000b4d  SSIDataPut                     
00000b57  SSIEnable                      
000004d5  SysCtlClockGet                 
000005e5  SysCtlClockSet                 
00000b69  SysCtlDelay                    
00000a7d  SysCtlPeripheralEnable         
00000a45  SysCtlPeripheralReady          
20000200  __STACK_END                    
00000200  __STACK_SIZE                   
20000200  __STACK_TOP                    
00000ca0  __TI_CINIT_Base                
00000ca8  __TI_CINIT_Limit               
00000c98  __TI_Handler_Table_Base        
00000ca0  __TI_Handler_Table_Limit       
000007f1  __TI_auto_init                 
20000200  __TI_cleanup_ptr               
00000b33  __TI_decompress_none           
00000b6f  __TI_decompress_rle24          
20000204  __TI_dtors_ptr                 
20000208  __TI_enable_exit_profile_output
ffffffff  __TI_pprof_out_hndl            
ffffffff  __TI_prof_data_size            
ffffffff  __TI_prof_data_start           
00000000  __TI_static_base__             
00000775  __aeabi_memclr                 
00000775  __aeabi_memclr4                
00000775  __aeabi_memclr8                
000006d9  __aeabi_memcpy                 
000006d9  __aeabi_memcpy4                
000006d9  __aeabi_memcpy8                
00000777  __aeabi_memset                 
00000777  __aeabi_memset4                
00000777  __aeabi_memset8                
ffffffff  __binit__                      
ffffffff  __c_args__                     
000004d3  __mpu_init                     
20000000  __stack                        
00000af5  _args_main                     
000008cd  _c_int00                       
2000020c  _lock                          
00000b1b  _nop                           
00000b13  _register_lock                 
00000b0d  _register_unlock               
000007ef  _system_post_cinit             
00000b75  _system_pre_init               
20000210  _unlock                        
00000925  abort                          
ffffffff  binit                          
00000975  copy_in                        
00000c74  dataTx                         
0000092d  exit                           
00000000  g_pfnVectors                   
000002c7  main                           
20000214  main_func_sp                   
000006d9  memcpy                         
0000077d  memset                         


GLOBAL SYMBOLS: SORTED BY Symbol Address 

address   name                           
-------   ----                           
00000000  __TI_static_base__             
00000000  g_pfnVectors                   
00000200  __STACK_SIZE                   
0000026d  Reverse                        
000002c7  main                           
000003a1  GPIOPadConfigSet               
000004d3  __mpu_init                     
000004d5  SysCtlClockGet                 
000005e5  SysCtlClockSet                 
000006d9  __aeabi_memcpy                 
000006d9  __aeabi_memcpy4                
000006d9  __aeabi_memcpy8                
000006d9  memcpy                         
00000775  __aeabi_memclr                 
00000775  __aeabi_memclr4                
00000775  __aeabi_memclr8                
00000777  __aeabi_memset                 
00000777  __aeabi_memset4                
00000777  __aeabi_memset8                
0000077d  memset                         
000007ef  _system_post_cinit             
000007f1  __TI_auto_init                 
000008cd  _c_int00                       
00000921  C$$EXIT                        
00000925  abort                          
0000092d  exit                           
00000975  copy_in                        
000009c1  GPIOPinConfigure               
00000a09  SSIConfigSetExpClk             
00000a45  SysCtlPeripheralReady          
00000a7d  SysCtlPeripheralEnable         
00000ab1  GPIODirModeSet                 
00000adb  GPIOPinTypeGPIOOutput          
00000af5  _args_main                     
00000b0d  _register_unlock               
00000b13  _register_lock                 
00000b1b  _nop                           
00000b21  GPIOPinTypeSSI                 
00000b33  __TI_decompress_none           
00000b41  ResetISR                       
00000b4d  SSIDataPut                     
00000b57  SSIEnable                      
00000b61  SSIBusy                        
00000b69  SysCtlDelay                    
00000b6f  __TI_decompress_rle24          
00000b75  _system_pre_init               
00000c74  dataTx                         
00000c98  __TI_Handler_Table_Base        
00000ca0  __TI_CINIT_Base                
00000ca0  __TI_Handler_Table_Limit       
00000ca8  __TI_CINIT_Limit               
20000000  __stack                        
20000200  __STACK_END                    
20000200  __STACK_TOP                    
20000200  __TI_cleanup_ptr               
20000204  __TI_dtors_ptr                 
20000208  __TI_enable_exit_profile_output
2000020c  _lock                          
20000210  _unlock                        
20000214  main_func_sp                   
ffffffff  __TI_pprof_out_hndl            
ffffffff  __TI_prof_data_size            
ffffffff  __TI_prof_data_start           
ffffffff  __binit__                      
ffffffff  __c_args__                     
ffffffff  binit                          
UNDEFED   SHT$$INIT_ARRAY$$Base          
UNDEFED   SHT$$INIT_ARRAY$$Limit         

[68 symbols]
