******************************************************************************
                  TI ARM Linker PC v15.12.3                    
******************************************************************************
>> Linked Thu Nov 10 17:26:29 2016

OUTPUT FILE NAME:   <DigitalInput.out>
ENTRY POINT SYMBOL: "_c_int00"  address: 000006b9


MEMORY CONFIGURATION

         name            origin    length      used     unused   attr    fill
----------------------  --------  ---------  --------  --------  ----  --------
  FLASH                 00000000   00100000  000008f8  000ff708  R  X
  SRAM                  20000000   00040000  00000218  0003fde8  RW X


SEGMENT ALLOCATION MAP

run origin  load origin   length   init length attrs members
----------  ----------- ---------- ----------- ----- -------
00000000    00000000    000008f8   000008f8    r-x
  00000000    00000000    00000208   00000208    r-- .intvecs
  00000208    00000208    000006c8   000006c8    r-x .text
  000008d0    000008d0    00000028   00000028    r-- .cinit
20000000    20000000    00000218   00000000    rw-
  20000000    20000000    00000200   00000000    rw- .stack
  20000200    20000200    00000018   00000000    rw- .data


SECTION ALLOCATION MAP

 output                                  attributes/
section   page    origin      length       input sections
--------  ----  ----------  ----------   ----------------
.intvecs   0    00000000    00000208     
                  00000000    00000208     tm4c1294ncpdt_startup_ccs.obj (.intvecs)

.text      0    00000208    000006c8     
                  00000208    00000132     driverlib.lib : gpio.obj (.text:GPIOPadConfigSet)
                  0000033a    00000002     rtsv7M4_T_le_v4SPD16_eabi.lib : mpu_init.obj (.text)
                  0000033c    000000f4     driverlib.lib : sysctl.obj (.text:SysCtlClockSet)
                  00000430    0000009c     rtsv7M4_T_le_v4SPD16_eabi.lib : memcpy_t2.obj (.text)
                  000004cc    00000094     main.obj (.text)
                  00000560    0000007a     rtsv7M4_T_le_v4SPD16_eabi.lib : memset_t2.obj (.text)
                  000005da    00000002                                   : startup.obj (.text)
                  000005dc    00000070                                   : autoinit.obj (.text)
                  0000064c    0000006a                                   : copy_decompress_rle.obj (.text)
                  000006b6    00000002     --HOLE-- [fill = 0]
                  000006b8    00000054                                   : boot.obj (.text)
                  0000070c    00000054                                   : exit.obj (.text)
                  00000760    0000004c                                   : cpy_tbl.obj (.text)
                  000007ac    00000038     driverlib.lib : sysctl.obj (.text:SysCtlPeripheralReady)
                  000007e4    00000034                   : sysctl.obj (.text:SysCtlPeripheralEnable)
                  00000818    0000002a                   : gpio.obj (.text:GPIODirModeSet)
                  00000842    00000018                   : gpio.obj (.text:GPIOPinTypeGPIOOutput)
                  0000085a    00000002     --HOLE-- [fill = 0]
                  0000085c    00000018     rtsv7M4_T_le_v4SPD16_eabi.lib : args_main.obj (.text)
                  00000874    00000014                                   : _lock.obj (.text)
                  00000888    00000012     driverlib.lib : gpio.obj (.text:GPIOPinTypeGPIOInput)
                  0000089a    0000000e     rtsv7M4_T_le_v4SPD16_eabi.lib : copy_decompress_none.obj (.text:decompress:none)
                  000008a8    0000000c     tm4c1294ncpdt_startup_ccs.obj (.text)
                  000008b4    00000006     driverlib.lib : gpio.obj (.text:GPIOPinRead)
                  000008ba    00000006                   : gpio.obj (.text:GPIOPinWrite)
                  000008c0    00000006                   : sysctl.obj (.text:SysCtlDelay)
                  000008c6    00000006     rtsv7M4_T_le_v4SPD16_eabi.lib : copy_decompress_rle.obj (.text:decompress:rle24)
                  000008cc    00000004                                   : pre_init.obj (.text)

.cinit     0    000008d0    00000028     
                  000008d0    00000016     (.cinit..data.load) [load image, compression = rle]
                  000008e6    00000002     --HOLE-- [fill = 0]
                  000008e8    00000008     (__TI_handler_table)
                  000008f0    00000008     (__TI_cinit_table)

.init_array 
*          0    00000000    00000000     UNINITIALIZED

.stack     0    20000000    00000200     UNINITIALIZED
                  20000000    00000200     --HOLE--

.data      0    20000200    00000018     UNINITIALIZED
                  20000200    0000000c     rtsv7M4_T_le_v4SPD16_eabi.lib : exit.obj (.data:$O1$$)
                  2000020c    00000008                                   : _lock.obj (.data:$O1$$)
                  20000214    00000004                                   : stkdepth_vars.obj (.data)

MODULE SUMMARY

       Module                          code   ro data   rw data
       ------                          ----   -------   -------
    .\
       tm4c1294ncpdt_startup_ccs.obj   12     520       0      
       main.obj                        148    0         0      
    +--+-------------------------------+------+---------+---------+
       Total:                          160    520       0      
                                                               
    C:/ti/TivaWare_C_Series-2.1.3.156/driverlib/ccs/Debug/driverlib.lib
       gpio.obj                        402    0         0      
       sysctl.obj                      358    0         0      
    +--+-------------------------------+------+---------+---------+
       Total:                          760    0         0      
                                                               
    C:\ti\ccsv6\tools\compiler\arm_15.12.3.LTS\lib\rtsv7M4_T_le_v4SPD16_eabi.lib
       memcpy_t2.obj                   156    0         0      
       memset_t2.obj                   122    0         0      
       autoinit.obj                    112    0         0      
       copy_decompress_rle.obj         112    0         0      
       exit.obj                        84     0         12     
       boot.obj                        84     0         0      
       cpy_tbl.obj                     76     0         0      
       _lock.obj                       20     0         8      
       args_main.obj                   24     0         0      
       copy_decompress_none.obj        14     0         0      
       pre_init.obj                    4      0         0      
       stkdepth_vars.obj               0      0         4      
       mpu_init.obj                    2      0         0      
       startup.obj                     2      0         0      
    +--+-------------------------------+------+---------+---------+
       Total:                          812    0         24     
                                                               
       Stack:                          0      0         512    
       Linker Generated:               0      38        0      
    +--+-------------------------------+------+---------+---------+
       Grand Total:                    1732   558       536    


LINKER GENERATED COPY TABLES

__TI_cinit_table @ 000008f0 records: 1, size/record: 8, table size: 8
	.data: load addr=000008d0, load size=00000016 bytes, run addr=20000200, run size=00000018 bytes, compression=rle


LINKER GENERATED HANDLER TABLE

__TI_handler_table @ 000008e8 records: 2, size/record: 4, table size: 8
	index: 0, handler: __TI_decompress_rle24
	index: 1, handler: __TI_decompress_none


GLOBAL SYMBOLS: SORTED ALPHABETICALLY BY Name 

address   name                           
-------   ----                           
0000070d  C$$EXIT                        
00000819  GPIODirModeSet                 
00000209  GPIOPadConfigSet               
000008b5  GPIOPinRead                    
00000889  GPIOPinTypeGPIOInput           
00000843  GPIOPinTypeGPIOOutput          
000008bb  GPIOPinWrite                   
000008a9  ResetISR                       
UNDEFED   SHT$$INIT_ARRAY$$Base          
UNDEFED   SHT$$INIT_ARRAY$$Limit         
0000033d  SysCtlClockSet                 
000008c1  SysCtlDelay                    
000007e5  SysCtlPeripheralEnable         
000007ad  SysCtlPeripheralReady          
20000200  __STACK_END                    
00000200  __STACK_SIZE                   
20000200  __STACK_TOP                    
000008f0  __TI_CINIT_Base                
000008f8  __TI_CINIT_Limit               
000008e8  __TI_Handler_Table_Base        
000008f0  __TI_Handler_Table_Limit       
000005dd  __TI_auto_init                 
20000200  __TI_cleanup_ptr               
0000089b  __TI_decompress_none           
000008c7  __TI_decompress_rle24          
20000204  __TI_dtors_ptr                 
20000208  __TI_enable_exit_profile_output
ffffffff  __TI_pprof_out_hndl            
ffffffff  __TI_prof_data_size            
ffffffff  __TI_prof_data_start           
00000000  __TI_static_base__             
00000561  __aeabi_memclr                 
00000561  __aeabi_memclr4                
00000561  __aeabi_memclr8                
00000431  __aeabi_memcpy                 
00000431  __aeabi_memcpy4                
00000431  __aeabi_memcpy8                
00000563  __aeabi_memset                 
00000563  __aeabi_memset4                
00000563  __aeabi_memset8                
ffffffff  __binit__                      
ffffffff  __c_args__                     
0000033b  __mpu_init                     
20000000  __stack                        
0000085d  _args_main                     
000006b9  _c_int00                       
2000020c  _lock                          
00000883  _nop                           
0000087b  _register_lock                 
00000875  _register_unlock               
000005db  _system_post_cinit             
000008cd  _system_pre_init               
20000210  _unlock                        
00000711  abort                          
ffffffff  binit                          
00000761  copy_in                        
00000719  exit                           
00000000  g_pfnVectors                   
00000509  initializeLED                  
00000525  initializeSwitch               
000004cd  main                           
20000214  main_func_sp                   
00000431  memcpy                         
00000569  memset                         
000004ff  setupClock                     


GLOBAL SYMBOLS: SORTED BY Symbol Address 

address   name                           
-------   ----                           
00000000  __TI_static_base__             
00000000  g_pfnVectors                   
00000200  __STACK_SIZE                   
00000209  GPIOPadConfigSet               
0000033b  __mpu_init                     
0000033d  SysCtlClockSet                 
00000431  __aeabi_memcpy                 
00000431  __aeabi_memcpy4                
00000431  __aeabi_memcpy8                
00000431  memcpy                         
000004cd  main                           
000004ff  setupClock                     
00000509  initializeLED                  
00000525  initializeSwitch               
00000561  __aeabi_memclr                 
00000561  __aeabi_memclr4                
00000561  __aeabi_memclr8                
00000563  __aeabi_memset                 
00000563  __aeabi_memset4                
00000563  __aeabi_memset8                
00000569  memset                         
000005db  _system_post_cinit             
000005dd  __TI_auto_init                 
000006b9  _c_int00                       
0000070d  C$$EXIT                        
00000711  abort                          
00000719  exit                           
00000761  copy_in                        
000007ad  SysCtlPeripheralReady          
000007e5  SysCtlPeripheralEnable         
00000819  GPIODirModeSet                 
00000843  GPIOPinTypeGPIOOutput          
0000085d  _args_main                     
00000875  _register_unlock               
0000087b  _register_lock                 
00000883  _nop                           
00000889  GPIOPinTypeGPIOInput           
0000089b  __TI_decompress_none           
000008a9  ResetISR                       
000008b5  GPIOPinRead                    
000008bb  GPIOPinWrite                   
000008c1  SysCtlDelay                    
000008c7  __TI_decompress_rle24          
000008cd  _system_pre_init               
000008e8  __TI_Handler_Table_Base        
000008f0  __TI_CINIT_Base                
000008f0  __TI_Handler_Table_Limit       
000008f8  __TI_CINIT_Limit               
20000000  __stack                        
20000200  __STACK_END                    
20000200  __STACK_TOP                    
20000200  __TI_cleanup_ptr               
20000204  __TI_dtors_ptr                 
20000208  __TI_enable_exit_profile_output
2000020c  _lock                          
20000210  _unlock                        
20000214  main_func_sp                   
ffffffff  __TI_pprof_out_hndl            
ffffffff  __TI_prof_data_size            
ffffffff  __TI_prof_data_start           
ffffffff  __binit__                      
ffffffff  __c_args__                     
ffffffff  binit                          
UNDEFED   SHT$$INIT_ARRAY$$Base          
UNDEFED   SHT$$INIT_ARRAY$$Limit         

[65 symbols]
